[www.linux4sam.org/bin/view/Linux4SAM.html]
[backblue.gif]
[fade.gif]
[index.html]
[www.linux4sam.org/bin/view/Linux4SAM/WebRss]
[www.linux4sam.org/bin/view/Linux4SAM/WebHome.html]
[www.linux4sam.org/bin/view/Linux4SAM/WebAtom]
[www.linux4sam.org/pub/Linux4SAM/WebHome/right-cerulean2x.png]
[www.linux4sam.org/bin/view/Linux4SAM/LinksToCommunities.html]
[www.linux4sam.org/bin/view/Linux4SAM/PDADetectionAtBoot.html]
[www.linux4sam.org/bin/view/Linux4SAM/UsingFITwithOverlays.html]
[www.linux4sam.org/bin/view/Linux4SAM/PatchingDTinUboot.html]
[www.linux4sam.org/bin/view/Linux4SAM/YoctoProject.html]
[www.linux4sam.org/bin/view/Linux4SAM/BuildRoot.html]
[www.linux4sam.org/bin/view/Linux4SAM/OpenWrt.html]
[www.linux4sam.org/bin/view/Linux4SAM/Applications.html]
[www.linux4sam.org/bin/view/Linux4SAM/Sam9x60EKMainPage.html]
[www.linux4sam.org/bin/view/Linux4SAM/Sama5d27Som1EKMainPage.html]
[www.linux4sam.org/bin/view/Linux4SAM/Sama5d27WLSom1EKMainPage.html]
[www.linux4sam.org/bin/view/Linux4SAM/Sama5d2XplainedMainPage.html]
[www.linux4sam.org/bin/view/Linux4SAM/Sama5d2IcpMainPage.html]
[www.linux4sam.org/bin/view/Linux4SAM/SoftwareTools.html]
[www.linux4sam.org/bin/view/Linux4SAM/U-BootFAQ.html]
[www.linux4sam.org/bin/view/Linux4SAM/WilcFaq.html]
[www.linux4sam.org/bin/view/Linux4SAM/Sama5d2PtcEKMainPage.html]
[www.linux4sam.org/bin/view/Linux4SAM/Sama5d3XplainedMainPage.html]
[www.linux4sam.org/bin/view/Linux4SAM/Sama5d4XplainedMainPage.html]
[www.linux4sam.org/bin/view/Linux4SAM/DemoArchive6_2_icp.html]
[www.linux4sam.org/bin/view/Linux4SAM/SOM1EKeMMCSupport.html]
[www.linux4sam.org/bin/view/Linux4SAM/UsingI2SC.html]
[www.linux4sam.org/bin/view/Linux4SAM/UsingPTC.html]
[www.linux4sam.org/bin/view/Linux4SAM/DemoArchive6_2.html]
[www.linux4sam.org/bin/view/Linux4SAM/UsingISC.html]
[www.linux4sam.org/bin/view/Linux4SAM/ISCWhiteBalanceFeatures.html]
[www.linux4sam.org/bin/view/Linux4SAM/DemoArchive6_1.html]
[www.linux4sam.org/bin/view/Linux4SAM/UsingSAMA5D2ResistiveTouchscreen.html]
[www.linux4sam.org/bin/view/Linux4SAM/DemoArchive6_0.html]
[www.linux4sam.org/bin/view/Linux4SAM/DemoArchive5_8.html]
[www.linux4sam.org/bin/view/Linux4SAM/PwmFaq.html]
[www.linux4sam.org/bin/view/Linux4SAM/ConnectModuleFromPDA.html]
[www.linux4sam.org/bin/view/Linux4SAM/WebFaq.html]
[www.linux4sam.org/bin/view/Linux4SAM/DriverModelInUBoot.html]
[www.linux4sam.org/pub/Linux4SAM/WebHome/EnsembleGraphicsToolkit-v2-64x204.png]
[www.linux4sam.org/pub/Linux4SAM/WebHome/SAMA5D2-ICP_800x600.png]
[www.linux4sam.org/pub/Linux4SAM/WebHome/ATSAMA5D2-WLSOM1-EK1_ANGLED_1_mic2.png]
[www.linux4sam.org/pub/Linux4SAM/WebHome/SAM9X60-EK-PCB1.png]
[www.linux4sam.org/pub/Linux4SAM/WebHome/sama5d2_ptc_ek_480x360.jpg]
[www.linux4sam.org/pub/Linux4SAM/WebHome/sama5d27_som1_ek_480x360.jpg]
[www.linux4sam.org/pub/Linux4SAM/WebHome/sama5d2_xplained_480x360.jpg]
[www.linux4sam.org/bin/view/Linux4SAM/GettingStarted.html]
[www.linux4sam.org/bin/view/Linux4SAM/AT91Bootstrap.html]
[www.linux4sam.org/bin/view/Linux4SAM/U-Boot.html]
[www.linux4sam.org/bin/view/Linux4SAM/LinuxKernel.html]
[www.linux4sam.org/bin/view/Linux4SAM/DT-Overlay.html]
[www.linux4sam.org/bin/view/Linux4SAM33a1.html]
[www.linux4sam.org/bin/view/Linux4SAM44bd.html]
[www.linux4sam.org/bin/view/Linux4SAM76e2.html]
[www.linux4sam.org/bin/view/Linux4SAMb21c.html]
[www.linux4sam.org/bin/view/Linux4SAMd1c3.html]
[www.linux4sam.org/bin/view/Linux4SAMe84d.html]
[www.linux4sam.org/bin/view/Linux4SAMbf07.html]
[www.linux4sam.org/pub/Linux4SAM/WebHome/LNX4SAM_A5D3_478x229.jpg]
[www.linux4sam.org/pub/Linux4SAM/WebHome/LNX4SAM_A5D4EK_480x265.jpg]
[www.linux4sam.org/pub/Linux4SAM/WebHome/SAM-A5D4---Block-Diagram.png]
[www.linux4sam.org/pub/Linux4SAM/WebHome/a5d27_wlsom1_ek1_642x526.jpg]
[www.linux4sam.org/bin/view/Linux4SAM/WebTopicList.html]
[www.linux4sam.org/bin/view/Linux4SAM/WebChanges.html]
[www.linux4sam.org/bin/view/Linux4SAM/WebNotify.html]
[www.linux4sam.org/pub/Main/TWikiPreferences/tux2_atmel_header.png]
[www.linux4sam.org/bin/view/Linux4SAM/WebStatistics.html]
[www.linux4sam.org/bin/view/Linux4SAM.html]
[www.linux4sam.org/bin/view/Linux4SAM/WebHome3fe3.html]
[www.linux4sam.org/bin/view/Linux4SAM/WebHome33a1.html]
[www.linux4sam.org/bin/view/Linux4SAM/WebHome44bd.html]
[www.linux4sam.org/bin/view/Linux4SAM/WebHome76e2.html]
[www.linux4sam.org/bin/view/Linux4SAM/WebHomeb21c.html]
[www.linux4sam.org/bin/view/Linux4SAM/WebHomed1c3.html]
[www.linux4sam.org/bin/view/Linux4SAM/WebHomee84d.html]
[www.linux4sam.org/bin/view/Linux4SAM/WebHomebf07.html]
[www.linux4sam.org/bin/view/Linux4SAM/WebHome.html]
[www.linux4sam.org/bin/view/Linux4SAM/LinksToCommunities.html]
[www.linux4sam.org/bin/view/Linux4SAM/LinksToCommunities3fe3.html]
[www.linux4sam.org/bin/view/Linux4SAM/SelectingPDAatBoot.html]
[www.linux4sam.org/bin/view/Linux4SAM/WebFaqBaseForm.html]
[www.linux4sam.org/bin/view/Linux4SAM/PDADetectionAtBoot.html]
[www.linux4sam.org/bin/view/Linux4SAM/PDADetectionAtBoot3fe3.html]
[www.linux4sam.org/bin/view/Linux4SAM/UsingFITwithOverlays.html]
[www.linux4sam.org/bin/view/Linux4SAM/UsingFITwithOverlays3fe3.html]
[www.linux4sam.org/bin/view/Linux4SAM/AT91sam9x5ekMainPage.html]
[www.linux4sam.org/bin/view/Linux4SAM/PatchingDTinUboot.html]
[www.linux4sam.org/bin/view/Linux4SAM/PatchingDTinUboot3fe3.html]
[www.linux4sam.org/bin/view/Linux4SAM/WebLeftBar.html]
[www.linux4sam.org/bin/view/Linux4SAM/PokyBuild.html]
[www.linux4sam.org/bin/view/Linux4SAM/AudioFAQ.html]
[www.linux4sam.org/bin/view/Linux4SAM/Sam9x60EkAttachingTm5000Display.html]
[www.linux4sam.org/bin/view/Linux4SAM/GuiSolutions.html]
[www.linux4sam.org/bin/view/Linux4SAM/Sama5d4ekMainPage.html]
[www.linux4sam.org/bin/view/Linux4SAM/Sama5d3xekMainPage.html]
[www.linux4sam.org/bin/view/Linux4SAM/YoctoProjectFAQ.html]
[www.linux4sam.org/bin/view/Linux4SAM/YoctoProject.html]
[www.linux4sam.org/bin/view/Linux4SAM/YoctoProject3fe3.html]
[www.linux4sam.org/pub/Linux4SAM/BuildRootBuild/buildroot_package_selection.png]
[www.linux4sam.org/bin/view/Linux4SAM/DemoSD.html]
[www.linux4sam.org/pub/Linux4SAM/BuildRootBuild/buildroot_nand_conf.png]
[www.linux4sam.org/bin/view/Linux4SAM/BuildRoot.html]
[www.linux4sam.org/pub/Linux4SAM/OpenWrt/Openwrt-Menuconfig.png]
[www.linux4sam.org/bin/view/Linux4SAM/BuildRoot3fe3.html]
[www.linux4sam.org/pub/Linux4SAM/OpenWrt/Openwrt-LuCi.png]
[www.linux4sam.org/bin/view/Linux4SAM/BuildIssueOpenWrtUbuntu2004.html]
[www.linux4sam.org/bin/view/Linux4SAM/OpenWrt33a1.html]
[www.linux4sam.org/bin/view/Linux4SAM/OpenWrt44bd.html]
[www.linux4sam.org/bin/view/Linux4SAM/OpenWrt76e2.html]
[www.linux4sam.org/bin/view/Linux4SAM/OpenWrtb21c.html]
[www.linux4sam.org/bin/view/Linux4SAM/OpenWrtd1c3.html]
[www.linux4sam.org/bin/view/Linux4SAM/OpenWrte84d.html]
[www.linux4sam.org/bin/view/Linux4SAM/OpenWrtbf07.html]
[www.linux4sam.org/bin/view/Linux4SAM/OpenWrt.html]
[www.linux4sam.org/bin/view/Linux4SAM/OpenWrt3fe3.html]
[www.linux4sam.org/pub/Linux4SAM/Applications/EnsembleGraphicsToolkit-v2-64x204.png]
[www.linux4sam.org/bin/view/Linux4SAM/WebBasedWiFiProvisioning.html]
[www.linux4sam.org/bin/view/Linux4SAM/BleTransparentService.html]
[www.linux4sam.org/bin/view/Linux4SAM/WiFiProvisioningOverBLE.html]
[www.linux4sam.org/bin/view/Linux4SAM/BluetoothHeartRateProfile.html]
[www.linux4sam.org/bin/view/Linux4SAM/Applications33a1.html]
[www.linux4sam.org/bin/view/Linux4SAM/Applications44bd.html]
[www.linux4sam.org/bin/view/Linux4SAM/Applications76e2.html]
[www.linux4sam.org/bin/view/Linux4SAM/Applicationsb21c.html]
[www.linux4sam.org/bin/view/Linux4SAM/Applicationsd1c3.html]
[www.linux4sam.org/bin/view/Linux4SAM/Applicationse84d.html]
[www.linux4sam.org/bin/view/Linux4SAM/Applicationsbf07.html]
[www.linux4sam.org/bin/view/Linux4SAM/Applications.html]
[www.linux4sam.org/pub/Linux4SAM/SocFeatures/sam9x60.jpg]
[www.linux4sam.org/bin/view/Linux4SAM/Applications3fe3.html]
[www.linux4sam.org/pub/Linux4SAM/KitInformation/sam9x60new.png]
[www.linux4sam.org/pub/Linux4SAM/KitInformation/sama5d3_xplained_ftdi.png]
[www.linux4sam.org/pub/Linux4SAM/KitInformation/sama5d4_xplained_edbg_win.png]
[www.linux4sam.org/pub/Linux4SAM/SoftwareTools/etcher_sel.jpg]
[www.linux4sam.org/pub/Linux4SAM/SoftwareTools/etcher_finishing.jpg]
[www.linux4sam.org/pub/Linux4SAM/SoftwareTools/etcher_done.jpg]
[www.linux4sam.org/pub/Linux4SAM/SambaSubsections/devman_AT91_USB_SAMBA-CDC.png]
[www.linux4sam.org/pub/Linux4SAM/SambaSubsections/demo_nandflash_map_lnx4sam6x.png]
[www.linux4sam.org/bin/view/Linux4SAM/UsingIsi6.html]
[www.linux4sam.org/bin/view/Linux4SAM/LinuxKernel_4_14.html]
[www.linux4sam.org/bin/view/Linux4SAM/LinuxKernel_4_19.html]
[www.linux4sam.org/bin/view/Linux4SAM/LinuxKernel_5_4.html]
[www.linux4sam.org/bin/view/Linux4SAM/HasherrorwhenbootingFITimage.html]
[www.linux4sam.org/bin/view/Linux4SAM/LinuxKernel_4_9.html]
[www.linux4sam.org/bin/view/Linux4SAM/BuildLinuxSsl.html]
[www.linux4sam.org/bin/view/Linux4SAM/SDCardBootNotice.html]
[www.linux4sam.org/bin/view/Linux4SAM/UsingMaxTouch.html]
[www.linux4sam.org/bin/view/Linux4SAM/LinuxKernel_3_18.html]
[www.linux4sam.org/bin/view/Linux4SAM/LinuxKernel_4_1.html]
[www.linux4sam.org/bin/view/Linux4SAM/LinuxKernel_4_4.html]
[www.linux4sam.org/bin/view/Linux4SAM/UsingSAMA5D2ADCDevice.html]
[www.linux4sam.org/bin/view/Linux4SAM/ExternalComponentOnEBI.html]
[www.linux4sam.org/bin/view/Linux4SAM/UsingAtmelDRMDriver.html]
[www.linux4sam.org/bin/view/Linux4SAM/LinuxKernel_3_10.html]
[www.linux4sam.org/bin/view/Linux4SAM/USBGadgetConfig.html]
[www.linux4sam.org/bin/view/Linux4SAM/Sam9x60EKMainPage.html]
[www.linux4sam.org/bin/view/Linux4SAM/Sam9x60EKMainPage3fe3.html]
[www.microchip.com/images/default-source/design-centers/32-bit-mpus/mc32-diag-sama5d2.png]
[www.linux4sam.org/pub/Linux4SAM/KitInformation/a5d27_som1_ek_board_presentation.png]
[www.linux4sam.org/pub/Linux4SAM/KitInformation/devman_jlink_win10.png]
[www.linux4sam.org/bin/view/Linux4SAM/CryptoConfig.html]
[www.linux4sam.org/bin/view/Linux4SAM/Sama5d27Som1EKMainPage.html]
[www.linux4sam.org/pub/Linux4SAM/KitInformation/a5d27_wlsom1_ek1_rev1_board_presentation.jpg]
[www.linux4sam.org/bin/view/Linux4SAM/Sama5d27Som1EKMainPage3fe3.html]
[www.linux4sam.org/bin/view/Linux4SAM/Sama5d27WLSom1EKMainPage.html]
[www.linux4sam.org/pub/Linux4SAM/KitInformation/a5d2_xplained_board_presentation.png]
[www.linux4sam.org/bin/view/Linux4SAM/Sama5d27WLSom1EKMainPage3fe3.html]
[www.linux4sam.org/bin/view/Linux4SAM/StroreRootFSonSD.html]
[www.linux4sam.org/pub/Linux4SAM/Samba3Subsections/demo_spi_emmc_map_lnx4sam6x.png]
[www.linux4sam.org/bin/view/Linux4SAM/Sama5d2XplainedMainPage.html]
[www.linux4sam.org/pub/Linux4SAM/KitInformation/a5d2_icp_presentation.png]
[www.linux4sam.org/bin/view/Linux4SAM/Sama5d2XplainedMainPage3fe3.html]
[www.linux4sam.org/bin/view/Linux4SAM/UsingUltraLowPowerMode1.html]
[www.linux4sam.org/bin/view/Linux4SAM/Sama5d2IcpMainPage.html]
[www.linux4sam.org/bin/view/Linux4SAM/Sama5d2IcpMainPage3fe3.html]
[www.linux4sam.org/bin/view/Linux4SAM/ConvertSAMBAScript.html]
[www.linux4sam.org/pub/Linux4SAM/SoftwareTools/ubuntu_logo.jpg]
[www.linux4sam.org/pub/Linux4SAM/SoftwareTools/debian_logo.jpg]
[www.linux4sam.org/pub/Linux4SAM/SoftwareTools/fedora-logo.jpg]
[www.linux4sam.org/pub/Linux4SAM/SoftwareTools/opensuse_logo.jpg]
[www.linux4sam.org/bin/view/Linux4SAM/SoftwareToolsb092.html]
[www.linux4sam.org/bin/view/Linux4SAM/SoftwareTools9ccf.html]
[www.linux4sam.org/bin/view/Linux4SAM/SoftwareTools.html]
[www.linux4sam.org/bin/view/Linux4SAM/SoftwareTools3fe3.html]
[www.linux4sam.org/bin/view/Linux4SAM/OpenEmbeddedAngstromGet.html]
[www.linux4sam.org/bin/view/Linux4SAM/U-BootFAQ.html]
[www.linux4sam.org/bin/view/Linux4SAM/U-BootFAQ3fe3.html]
[www.linux4sam.org/bin/view/Linux4SAM/WilcFaq.html]
[www.linux4sam.org/pub/Linux4SAM/KitInformation/a5d2_ptc_ek_board_presentation.png]
[www.linux4sam.org/bin/view/Linux4SAM/WilcFaq3fe3.html]
[www.linux4sam.org/bin/view/Linux4SAM/Sama5d2PtcEKMainPage.html]
[www.linux4sam.org/bin/view/Linux4SAM/Sama5d2PtcEKMainPage3fe3.html]
[www.microchip.com/images/default-source/design-centers/32-bit-mpus/mc32-diag-sama5d3.png]
[www.linux4sam.org/pub/Linux4SAM/KitInformation/sama5d3_xplained.png]
[www.linux4sam.org/pub/Linux4SAM/KitInformation/sama5d3_xplained_usb_console.png]
[www.linux4sam.org/bin/view/Linux4SAM/IioAdcDriver.html]
[www.linux4sam.org/bin/view/Linux4SAM/Sama5d3XplainedMainPage.html]
[www.linux4sam.org/bin/view/Linux4SAM/Sama5d3XplainedMainPage3fe3.html]
[www.microchip.com/images/default-source/design-centers/32-bit-mpus/mc32-diag-sama5d4.png]
[www.linux4sam.org/pub/Linux4SAM/KitInformation/a5d4_xplained_board_presentation.png]
[www.linux4sam.org/bin/view/Linux4SAM/Sama5d4XplainedMainPage.html]
[www.linux4sam.org/bin/view/Linux4SAM/Sama5d4XplainedMainPage3fe3.html]
[www.linux4sam.org/bin/view/Linux4SAM/DemoArchive6_2_icp.html]
[www.linux4sam.org/bin/view/Linux4SAM/DemoArchive6_2_icp3fe3.html]
[www.linux4sam.org/bin/view/Linux4SAM/SOM1EKeMMCSupport6f9e.html]
[www.linux4sam.org/bin/view/Linux4SAM/SOM1EKeMMCSupport8f98.html]
[www.linux4sam.org/bin/view/Linux4SAM/SOM1EKeMMCSupport668c.html]
[www.linux4sam.org/bin/view/Linux4SAM/SOM1EKeMMCSupport40db.html]
[www.linux4sam.org/bin/view/Linux4SAM/SOM1EKeMMCSupport904b.html]
[www.linux4sam.org/bin/view/Linux4SAM/SOM1EKeMMCSupport9b54.html]
[www.linux4sam.org/bin/view/Linux4SAM/SOM1EKeMMCSupport946b.html]
[www.linux4sam.org/bin/view/Linux4SAM/SOM1EKeMMCSupport.html]
[www.linux4sam.org/pub/Linux4SAM/UsingI2SC/20180917_164218.jpg]
[www.linux4sam.org/bin/view/Linux4SAM/SOM1EKeMMCSupport3fe3.html]
[www.linux4sam.org/bin/view/Linux4SAM/UsingI2SC.html]
[www.linux4sam.org/bin/view/Linux4SAM/UsingI2SC3fe3.html]
[www.linux4sam.org/bin/view/Linux4SAM/UsingPTC.html]
[www.linux4sam.org/bin/view/Linux4SAM/UsingPTC3fe3.html]
[www.linux4sam.org/bin/view/Linux4SAM/DemoArchive6_2.html]
[www.linux4sam.org/pub/Linux4SAM/UsingISC/multimedia_support_4.13.0.png]
[www.linux4sam.org/bin/view/Linux4SAM/DemoArchive6_23fe3.html]
[www.linux4sam.org/pub/Linux4SAM/UsingISC/v4l_platform_devices_4.13.0.png]
[www.linux4sam.org/pub/Linux4SAM/UsingISC/Screenshot_from_2019-04-23_14-01-23.png]
[www.linux4sam.org/pub/Linux4SAM/UsingISC/ISC_connect_schematic.png]
[www.linux4sam.org/pub/Linux4SAM/UsingIsi/isi-gstreamer.png]
[www.linux4sam.org/bin/view/Linux4SAM/UsingISC4479.html]
[www.linux4sam.org/bin/view/Linux4SAM/UsingISC9a1a.html]
[www.linux4sam.org/bin/view/Linux4SAM/UsingISC94f5.html]
[www.linux4sam.org/bin/view/Linux4SAM/UsingISC4dc9.html]
[www.linux4sam.org/bin/view/Linux4SAM/UsingISC46fc.html]
[www.linux4sam.org/bin/view/Linux4SAM/UsingISCfebb.html]
[www.linux4sam.org/bin/view/Linux4SAM/UsingISCf54a.html]
[www.linux4sam.org/bin/view/Linux4SAM/UsingISC.html]
[www.linux4sam.org/pub/Linux4SAM/ISCWhiteBalanceFeatures/xrite-msccc_1.jpg]
[www.linux4sam.org/bin/view/Linux4SAM/UsingISC3fe3.html]
[www.linux4sam.org/pub/Linux4SAM/ISCWhiteBalanceFeatures/8RGGB_bef.jpg]
[www.linux4sam.org/pub/Linux4SAM/ISCWhiteBalanceFeatures/8RGGB.wb..jpg]
[www.linux4sam.org/bin/view/Linux4SAM/ISCWhiteBalanceFeatures33a1.html]
[www.linux4sam.org/bin/view/Linux4SAM/ISCWhiteBalanceFeatures44bd.html]
[www.linux4sam.org/bin/view/Linux4SAM/ISCWhiteBalanceFeatures76e2.html]
[www.linux4sam.org/bin/view/Linux4SAM/ISCWhiteBalanceFeaturesb21c.html]
[www.linux4sam.org/bin/view/Linux4SAM/ISCWhiteBalanceFeaturesd1c3.html]
[www.linux4sam.org/bin/view/Linux4SAM/ISCWhiteBalanceFeaturese84d.html]
[www.linux4sam.org/bin/view/Linux4SAM/ISCWhiteBalanceFeaturesbf07.html]
[www.linux4sam.org/bin/view/Linux4SAM/ISCWhiteBalanceFeatures.html]
[www.linux4sam.org/bin/view/Linux4SAM/ISCWhiteBalanceFeatures3fe3.html]
[www.linux4sam.org/bin/view/Linux4SAM/DemoArchive6_1.html]
[www.linux4sam.org/bin/view/Linux4SAM/DemoArchive6_13fe3.html]
[www.linux4sam.org/pub/Linux4SAM/UsingSAMA5D2ResistiveTouchscreen/P_20170613_1616521.jpg]
[www.linux4sam.org/bin/view/Linux4SAM/UbootFitImage.html]
[www.linux4sam.org/bin/view/Linux4SAM/UsingSAMA5D2ResistiveTouchscreen33a1.html]
[www.linux4sam.org/bin/view/Linux4SAM/UsingSAMA5D2ResistiveTouchscreen44bd.html]
[www.linux4sam.org/bin/view/Linux4SAM/UsingSAMA5D2ResistiveTouchscreen76e2.html]
[www.linux4sam.org/bin/view/Linux4SAM/UsingSAMA5D2ResistiveTouchscreenb21c.html]
[www.linux4sam.org/bin/view/Linux4SAM/UsingSAMA5D2ResistiveTouchscreend1c3.html]
[www.linux4sam.org/bin/view/Linux4SAM/UsingSAMA5D2ResistiveTouchscreene84d.html]
[www.linux4sam.org/bin/view/Linux4SAM/UsingSAMA5D2ResistiveTouchscreenbf07.html]
[www.linux4sam.org/bin/view/Linux4SAM/UsingSAMA5D2ResistiveTouchscreen.html]
[www.linux4sam.org/bin/view/Linux4SAM/UsingSAMA5D2ResistiveTouchscreen3fe3.html]
[www.linux4sam.org/bin/view/Linux4SAM/DemoArchive.html]
[www.linux4sam.org/bin/view/Linux4SAM/DemoArchive6_0.html]
[www.linux4sam.org/bin/view/Linux4SAM/DemoArchive6_03fe3.html]
[www.linux4sam.org/bin/view/Linux4SAM/DemoArchive5_8.html]
[www.linux4sam.org/pub/Linux4SAM/PwmFaq/linux4sam-pwm-documentation-pwm-signal-example.jpg]
[www.linux4sam.org/bin/view/Linux4SAM/DemoArchive5_83fe3.html]
[www.linux4sam.org/pub/TWiki/UserReports/faded-bubble.png]
[www.linux4sam.org/pub/Main/UserProfileHeader/default-user-profile.jpg]
[www.linux4sam.org/bin/view/Linux4SAM/PwmFaq6f9e.html]
[www.linux4sam.org/bin/view/Linux4SAM/PwmFaq8f98.html]
[www.linux4sam.org/bin/view/Linux4SAM/PwmFaq668c.html]
[www.linux4sam.org/bin/view/Linux4SAM/PwmFaq40db.html]
[www.linux4sam.org/bin/view/Linux4SAM/PwmFaq904b.html]
[www.linux4sam.org/bin/view/Linux4SAM/PwmFaq9b54.html]
[www.linux4sam.org/bin/view/Linux4SAM/PwmFaq946b.html]
[www.linux4sam.org/bin/view/Linux4SAM/PwmFaq.html]
[www.linux4sam.org/pub/Linux4SAM/ConnectModuleFromPDA/Direct_Connect_Cable.png]
[www.linux4sam.org/bin/view/Linux4SAM/PwmFaq3fe3.html]
[www.linux4sam.org/pub/Linux4SAM/ConnectModuleFromPDA/TM7000_Adaptor_Cable.png]
[www.linux4sam.org/pub/Linux4SAM/ConnectModuleFromPDA/Default_Configuration_TM7000.png]
[www.linux4sam.org/pub/Linux4SAM/ConnectModuleFromPDA/Alternative_Configuration_TM7000.png]
[www.linux4sam.org/pub/Linux4SAM/ConnectModuleFromPDA/IMG-0062.jpg]
[www.linux4sam.org/pub/Linux4SAM/ConnectModuleFromPDA/IMG-0056.jpg]
[www.linux4sam.org/pub/Linux4SAM/ConnectModuleFromPDA/D2_Cable.png]
[www.linux4sam.org/pub/Linux4SAM/ConnectModuleFromPDA/IMG-0057.jpg]
[www.linux4sam.org/pub/Linux4SAM/ConnectModuleFromPDA/IMG-0065.jpg]
[www.linux4sam.org/pub/Linux4SAM/ConnectModuleFromPDA/TM4301_Cable.png]
[www.linux4sam.org/pub/Linux4SAM/ConnectModuleFromPDA/TM4301_D2.png]
[www.linux4sam.org/pub/Linux4SAM/ConnectModuleFromPDA/TM7000_Alt_Cable2.png]
[www.linux4sam.org/pub/Linux4SAM/ConnectModuleFromPDA/D2_Alt_Cable.png]
[www.linux4sam.org/pub/Linux4SAM/ConnectModuleFromPDA/TM7000_AC_Adapter.png]
[www.linux4sam.org/pub/Linux4SAM/ConnectModuleFromPDA/TM7000_Alt_D2.png]
[www.linux4sam.org/pub/Linux4SAM/ConnectModuleFromPDA/TM7000_Cable.png]
[www.linux4sam.org/pub/Linux4SAM/ConnectModuleFromPDA/D3_Cable.png]
[www.linux4sam.org/pub/Linux4SAM/ConnectModuleFromPDA/TM7000_Cable_AC.png]
[www.linux4sam.org/pub/Linux4SAM/ConnectModuleFromPDA/TM7000_D3.png]
[www.linux4sam.org/bin/view/Linux4SAM/ConnectModuleFromPDA6f9e.html]
[www.linux4sam.org/bin/view/Linux4SAM/ConnectModuleFromPDA8f98.html]
[www.linux4sam.org/bin/view/Linux4SAM/ConnectModuleFromPDA668c.html]
[www.linux4sam.org/bin/view/Linux4SAM/ConnectModuleFromPDA40db.html]
[www.linux4sam.org/bin/view/Linux4SAM/ConnectModuleFromPDA904b.html]
[www.linux4sam.org/bin/view/Linux4SAM/ConnectModuleFromPDA9b54.html]
[www.linux4sam.org/bin/view/Linux4SAM/ConnectModuleFromPDA946b.html]
[www.linux4sam.org/bin/view/Linux4SAM/ConnectModuleFromPDA.html]
[www.linux4sam.org/bin/view/Linux4SAM/ConnectModuleFromPDA3fe3.html]
[www.linux4sam.org/bin/view/Linux4SAM/BootLogo.html]
[www.linux4sam.org/bin/view/Linux4SAM/UsingIsi.html]
[www.linux4sam.org/bin/view/Linux4SAM/AT91BootstrapDebugEclipse.html]
[www.linux4sam.org/bin/view/Linux4SAM/PmeccConfigure.html]
[www.linux4sam.org/bin/view/Linux4SAM/ShutdownWakeUp.html]
[www.linux4sam.org/bin/view/Linux4SAM/RealTime.html]
[www.linux4sam.org/bin/view/Linux4SAM/AudioRecordOnAt91sam9g20ek.html]
[www.linux4sam.org/bin/view/Linux4SAM/SAM9M10Gstreamer.html]
[www.linux4sam.org/bin/view/Linux4SAM/AudioClocksOnSAM9X60.html]
[www.linux4sam.org/bin/view/Linux4SAM/ConsoleNoLongerReceivesCharacters.html]
[www.linux4sam.org/bin/view/Linux4SAM/PDMICAudioRecord.html]
[www.linux4sam.org/bin/view/Linux4SAM/WebFaq.html]
[www.linux4sam.org/bin/view/Linux4SAM/WebFaq3fe3.html]
[www.linux4sam.org/bin/view/Linux4SAM/DriverModelInUBoot.html]
[www.linux4sam.org/bin/view/Linux4SAM/DriverModelInUBoot3fe3.html]
[www.linux4sam.org/pub/Linux4SAM/GettingStarted/Linux4SAM_GettingStarted.png]
[www.linux4sam.org/bin/view/Linux4SAM/OpenEmbeddedAngstrom.html]
[www.linux4sam.org/pub/Linux4SAM/GettingStarted/linux_boot_sequence.png]
[www.linux4sam.org/pub/Linux4SAM/GettingStarted/demo_nandflash_map_lnx4sam4x.png]
[www.linux4sam.org/pub/Linux4SAM/GettingStarted/9g20_board_presentation.png]
[www.linux4sam.org/pub/Linux4SAM/GettingStarted/9g20_board_presentation_tiny.png]
[www.linux4sam.org/pub/Linux4SAM/GettingStarted/9m10g45_board_presentation.png]
[www.linux4sam.org/pub/Linux4SAM/GettingStarted/9m10g45_board_presentation_tiny.png]
[www.linux4sam.org/pub/Linux4SAM/GettingStarted/9x5_board_presentation.png]
[www.linux4sam.org/pub/Linux4SAM/GettingStarted/9x5_board_presentation_tiny.png]
[www.linux4sam.org/pub/Linux4SAM/GettingStarted/9n12_board_presentation.png]
[www.linux4sam.org/pub/Linux4SAM/GettingStarted/9n12_board_presentation_tiny.png]
[www.linux4sam.org/bin/view/Linux4SAM/BuildRootBuild.html]
[www.linux4sam.org/bin/view/Linux4SAM/LegacyGettingStarted.html]
[www.linux4sam.org/bin/view/Linux4SAM/SAM9M10Page.html]
[www.linux4sam.org/bin/view/Linux4SAM/GettingStarted_9x5.html]
[www.linux4sam.org/bin/view/Linux4SAM/GettingStarted_9n12.html]
[www.linux4sam.org/bin/view/Linux4SAM/GettingStarted7234.html]
[www.linux4sam.org/bin/view/Linux4SAM/GettingStarteda064.html]
[www.linux4sam.org/bin/view/Linux4SAM/GettingStartedd147.html]
[www.linux4sam.org/bin/view/Linux4SAM/GettingStarted1124.html]
[www.linux4sam.org/bin/view/Linux4SAM/GettingStartede374.html]
[www.linux4sam.org/bin/view/Linux4SAM/GettingStarted0000.html]
[www.linux4sam.org/bin/view/Linux4SAM/GettingStarted2432.html]
[www.linux4sam.org/pub/Linux4SAM/GettingStarted/9m10g45_default_jumpers_settings.png]
[www.linux4sam.org/pub/Linux4SAM/GettingStarted/9x5_boot_sequence.png]
[www.linux4sam.org/pub/Linux4SAM/GettingStarted/a5d3x_board_presentation.png]
[www.linux4sam.org/pub/Linux4SAM/GettingStarted/a5d3x_board_presentation_tiny.png]
[www.linux4sam.org/pub/Linux4SAM/GettingStarted/a5d4_xplained_board_presentation.png]
[www.linux4sam.org/pub/Linux4SAM/GettingStarted/a5d4_xplained_board_presentation_tiny.png]
[www.linux4sam.org/pub/Linux4SAM/GettingStarted/a5d4ek_board_presentation.png]
[www.linux4sam.org/pub/Linux4SAM/GettingStarted/a5d4ek_board_presentation_tiny.png]
[www.linux4sam.org/pub/Linux4SAM/GettingStarted/sama5d3_xplained_board_presentation.png]
[www.linux4sam.org/pub/Linux4SAM/GettingStarted/sama5d3_xplained_board_presentation_tiny.png]
[www.linux4sam.org/bin/view/Linux4SAM/GettingStarted.html]
[www.linux4sam.org/pub/Linux4SAM/AT91Bootstrap/nvm_boot_sequence.png]
[www.linux4sam.org/bin/view/Linux4SAM/GettingStarted3fe3.html]
[www.linux4sam.org/pub/Linux4SAM/AT91Bootstrap/pmecc_header_format.png]
[www.linux4sam.org/bin/view/Linux4SAM/AT91Bootstrap33a1.html]
[www.linux4sam.org/bin/view/Linux4SAM/AT91Bootstrap44bd.html]
[www.linux4sam.org/bin/view/Linux4SAM/AT91Bootstrap76e2.html]
[www.linux4sam.org/bin/view/Linux4SAM/AT91Bootstrapb21c.html]
[www.linux4sam.org/bin/view/Linux4SAM/AT91Bootstrapd1c3.html]
[www.linux4sam.org/bin/view/Linux4SAM/AT91Bootstrape84d.html]
[www.linux4sam.org/bin/view/Linux4SAM/AT91Bootstrapbf07.html]
[www.linux4sam.org/bin/view/Linux4SAM/AT91Bootstrap.html]
[www.linux4sam.org/bin/view/Linux4SAM/AT91Bootstrap3fe3.html]
[www.linux4sam.org/bin/view/Linux4SAM/GettingStarted_a5d4_xplained.html]
[www.linux4sam.org/bin/view/Linux4SAM/GettingStarted_a5d4ek.html]
[www.linux4sam.org/bin/view/Linux4SAM/GettingStarted_a5d3_xplained.html]
[www.linux4sam.org/pub/Linux4SAM/SambaSubsections/samba_board_select_sama5d3xek.png]
[www.linux4sam.org/bin/view/Linux4SAM/GettingStarted_a5d3xek.html]
[www.linux4sam.org/pub/Linux4SAM/SambaSubsections/samba_main_window_nand_sama5d3xek.png]
[www.linux4sam.org/pub/Linux4SAM/SambaSubsections/samba_send_file_nand.png]
[www.linux4sam.org/bin/view/Linux4SAM/U-Bootaabf.html]
[www.linux4sam.org/bin/view/Linux4SAM/U-Bootad61.html]
[www.linux4sam.org/bin/view/Linux4SAM/U-Boot306b.html]
[www.linux4sam.org/bin/view/Linux4SAM/U-Boote4a1.html]
[www.linux4sam.org/bin/view/Linux4SAM/U-Boote152.html]
[www.linux4sam.org/bin/view/Linux4SAM/U-Bootb628.html]
[www.linux4sam.org/bin/view/Linux4SAM/U-Boot6808.html]
[www.linux4sam.org/pub/Linux4SAM/U-Boot/ECC_config_4bit.png]
[www.linux4sam.org/pub/Linux4SAM/U-Boot/SAM-BA_mainwin.png]
[www.linux4sam.org/pub/Linux4SAM/U-Boot/SAM-BA_selectboard.png]
[www.linux4sam.org/bin/view/Linux4SAM/U-Boot.html]
[www.linux4sam.org/bin/view/Linux4SAM/U-Boot3fe3.html]
[www.linux4sam.org/bin/view/Linux4SAM/LinuxKernel_legacy.html]
[www.linux4sam.org/bin/view/Linux4SAM/LinuxKernel.html]
[www.linux4sam.org/bin/view/Linux4SAM/LinuxKernel3fe3.html]
[www.linux4sam.org/bin/view/Linux4SAM/DT-Overlay.html]
[www.linux4sam.org/bin/view/Linux4SAM/DT-Overlay3fe3.html]
[www.linux4sam.org/bin/view/Linux4SAMe1ce.html]
[www.linux4sam.org/bin/view/Linux4SAM33a1.html]
[www.linux4sam.org/bin/view/Linux4SAM/WebFaq33a1.html]
[www.linux4sam.org/bin/view/Linux4SAM18e3.html]
[www.linux4sam.org/bin/view/Linux4SAM44bd.html]
[www.linux4sam.org/bin/view/Linux4SAM/WebFaq44bd.html]
[www.linux4sam.org/bin/view/Linux4SAM0921.html]
[www.linux4sam.org/bin/view/Linux4SAM76e2.html]
[www.linux4sam.org/bin/view/Linux4SAM/WebFaq76e2.html]
[www.linux4sam.org/bin/view/Linux4SAM24ab.html]
[www.linux4sam.org/bin/view/Linux4SAMb21c.html]
[www.linux4sam.org/bin/view/Linux4SAM/WebFaqb21c.html]
[www.linux4sam.org/bin/view/Linux4SAMcdb1.html]
[www.linux4sam.org/bin/view/Linux4SAMd1c3.html]
[www.linux4sam.org/bin/view/Linux4SAM/WebFaqd1c3.html]
[www.linux4sam.org/bin/view/Linux4SAM1cf4.html]
[www.linux4sam.org/bin/view/Linux4SAMe84d.html]
[www.linux4sam.org/bin/view/Linux4SAM/WebFaqe84d.html]
[www.linux4sam.org/bin/view/Linux4SAM7034.html]
[www.linux4sam.org/bin/view/Linux4SAMbf07.html]
[www.linux4sam.org/bin/view/Linux4SAM/WebFaqbf07.html]
[www.linux4sam.org/bin/view/Linux4SAM/AT91BootstrapSubsections.html]
[www.linux4sam.org/bin/view/Linux4SAM/AT91SAM9260EKSamBaRecovery.html]
[www.linux4sam.org/bin/view/Linux4SAM/BuildAngstrom_9x5.html]
[www.linux4sam.org/bin/view/Linux4SAM/BuildAngstrom_SAM9N12.html]
[www.linux4sam.org/bin/view/Linux4SAM/BuildRootFAQ.html]
[www.linux4sam.org/bin/view/Linux4SAM/BuildRootGet.html]
[www.linux4sam.org/bin/view/Linux4SAM/BuildRootUse.html]
[www.linux4sam.org/bin/view/Linux4SAM/BuildRoot_9x5.html]
[www.linux4sam.org/bin/view/Linux4SAM/BuildRoot_SAM9N12.html]
[www.linux4sam.org/bin/view/Linux4SAM/CrossCompilerSubsections.html]
[www.linux4sam.org/bin/view/Linux4SAM/CryptoSPLIP.html]
[www.linux4sam.org/bin/view/Linux4SAM/DTOverlaySubsections.html]
[www.linux4sam.org/bin/view/Linux4SAM/DemoArchive202004.html]
[www.linux4sam.org/bin/view/Linux4SAM/DemoArchive202010.html]
[www.linux4sam.org/bin/view/Linux4SAM/DemoArchive4_7.html]
[www.linux4sam.org/bin/view/Linux4SAM/DemoArchive5_0.html]
[www.linux4sam.org/bin/view/Linux4SAM/DemoArchive5_1.html]
[www.linux4sam.org/bin/view/Linux4SAM/DemoArchive5_2.html]
[www.linux4sam.org/bin/view/Linux4SAM/DemoArchive5_3.html]
[www.linux4sam.org/bin/view/Linux4SAM/DemoArchive5_4.html]
[www.linux4sam.org/bin/view/Linux4SAM/DemoArchive5_5.html]
[www.linux4sam.org/bin/view/Linux4SAM/DemoArchive5_6.html]
[www.linux4sam.org/bin/view/Linux4SAM/DemoArchive5_7.html]
[www.linux4sam.org/bin/view/Linux4SAM/DemoArchiveSubsections.html]
[www.linux4sam.org/bin/view/Linux4SAM/FAQ_9n12.html]
[www.linux4sam.org/bin/view/Linux4SAM/FAQ_9x5.html]
[www.linux4sam.org/bin/view/Linux4SAM/FlashRootFs_9x5.html]
[www.linux4sam.org/bin/view/Linux4SAM/FlashRootFs_SAM9N12.html]
[www.linux4sam.org/bin/view/Linux4SAM/HomeAutomationTipsnTricks.html]
[www.linux4sam.org/bin/view/Linux4SAM/KitInformation.html]
[www.linux4sam.org/bin/view/Linux4SAM/KnownIssues.html]
[www.linux4sam.org/bin/view/Linux4SAM/LegacyAT91Bootstrap.html]
[www.linux4sam.org/bin/view/Linux4SAM/LegacyGettingStarted_9n12.html]
[www.linux4sam.org/bin/view/Linux4SAM/LegacyGettingStarted_9x5.html]
[www.linux4sam.org/bin/view/Linux4SAM/LegacyLinux4SAM.html]
[www.linux4sam.org/bin/view/Linux4SAM/LegacyLinuxKernel.html]
[www.linux4sam.org/bin/view/Linux4SAM/LegacySAM9N12Page.html]
[www.linux4sam.org/bin/view/Linux4SAM/LegacySAM9x5Page.html]
[www.linux4sam.org/bin/view/Linux4SAM/LegacyU-Boot.html]
[www.linux4sam.org/bin/view/Linux4SAM/LinuxKernelSubsections.html]
[www.linux4sam.org/bin/view/Linux4SAM/LinuxNewsletter.html]
[www.linux4sam.org/bin/view/Linux4SAM/LinuxNewsletter2015August.html]
[www.linux4sam.org/bin/view/Linux4SAM/LinuxNewsletter2015July.html]
[www.linux4sam.org/bin/view/Linux4SAM/LinuxNewsletter2015June.html]
[www.linux4sam.org/bin/view/Linux4SAM/LinuxNewsletter2016February.html]
[www.linux4sam.org/bin/view/Linux4SAM/LinuxNewsletter2016January.html]
[www.linux4sam.org/bin/view/Linux4SAM/LinuxNewsletter2016March.html]
[www.linux4sam.org/bin/view/Linux4SAM/LogIn.html]
[www.linux4sam.org/bin/view/Linux4SAM/MainPageTemplate.html]
[www.linux4sam.org/bin/view/Linux4SAM/OEDirectoryTree.html]
[www.linux4sam.org/bin/view/Linux4SAM/OEDirectoryTree_3x.html]
[www.linux4sam.org/bin/view/Linux4SAM/OeDemo.html]
[www.linux4sam.org/bin/view/Linux4SAM/OePapersAndPresentations.html]
[www.linux4sam.org/bin/view/Linux4SAM/OpenEmbeddedAngstromBuild.html]
[www.linux4sam.org/bin/view/Linux4SAM/OpenEmbeddedAngstromUse.html]
[www.linux4sam.org/bin/view/Linux4SAM/OpenEmbeddedDirectory.html]
[www.linux4sam.org/bin/view/Linux4SAM/Partners.html]
[www.linux4sam.org/bin/view/Linux4SAM/PlayDemoSubsections.html]
[www.linux4sam.org/bin/view/Linux4SAM/PmFaq.html]
[www.linux4sam.org/bin/view/Linux4SAM/SAM9x5OverlayMplayer.html]
[www.linux4sam.org/bin/view/Linux4SAM/Samba3Subsections.html]
[www.linux4sam.org/bin/view/Linux4SAM/SambaSubsections.html]
[www.linux4sam.org/bin/view/Linux4SAM/SocFeatures.html]
[www.linux4sam.org/bin/view/Linux4SAM/TipsNTricks.html]
[www.linux4sam.org/bin/view/Linux4SAM/UBootFitImage-2.html]
[www.linux4sam.org/bin/view/Linux4SAM/UBootSubsections.html]
[www.linux4sam.org/bin/view/Linux4SAM/UseSamBa.html]
[www.linux4sam.org/bin/view/Linux4SAM/VideoPlayerDemo.html]
[www.linux4sam.org/bin/view/Linux4SAM/WebCreateNewTopic.html]
[www.linux4sam.org/bin/view/Linux4SAM/WebHomeWIP.html]
[www.linux4sam.org/bin/view/Linux4SAM/WebIndex.html]
[www.linux4sam.org/bin/view/Linux4SAM/WebPreferences.html]
[www.linux4sam.org/bin/view/Linux4SAM/WebSearch.html]
[www.linux4sam.org/bin/view/Linux4SAM/WebSearchAdvanced.html]
[www.linux4sam.org/bin/view/Linux4SAM/WebStatistics2007.html]
[www.linux4sam.org/bin/view/Linux4SAM/WebStatistics2008.html]
[www.linux4sam.org/bin/view/Linux4SAM/WebStatistics2009.html]
[www.linux4sam.org/bin/view/Linux4SAM/WebStatistics2010.html]
[www.linux4sam.org/bin/view/Linux4SAM/WebTopMenu.html]
[www.linux4sam.org/bin/view/Linux4SAM/WebTopicList.html]
[www.linux4sam.org/bin/view/Linux4SAM/WebTopicList3fe3.html]
[www.linux4sam.org/bin/view/Linux4SAM/WebChanges2002.html]
[www.linux4sam.org/bin/view/Linux4SAM/WebChanges3c0b.html]
[www.linux4sam.org/bin/view/Linux4SAM/WebChangesb698.html]
[www.linux4sam.org/bin/view/Linux4SAM/WebChangescf62.html]
[www.linux4sam.org/bin/view/Linux4SAM/WebChanges05ff.html]
[www.linux4sam.org/bin/view/Linux4SAM/WebChangesa03f.html]
[www.linux4sam.org/bin/view/Linux4SAM/WebChanges4ec4.html]
[www.linux4sam.org/bin/view/Linux4SAM/WebChangesb9b5.html]
[www.linux4sam.org/bin/view/Linux4SAM/WebChanges0e5a.html]
[www.linux4sam.org/bin/view/TWiki/SiteChanges.html]
[www.linux4sam.org/bin/view/TWiki/SiteMap.html]
[www.linux4sam.org/bin/view/Linux4SAM/WebChanges.html]
[www.linux4sam.org/bin/view/Linux4SAM/WebChanges3fe3.html]
[www.linux4sam.org/bin/view/TWiki/WikiName.html]
[www.linux4sam.org/bin/view/TWiki/MailerContrib.html]
[www.linux4sam.org/bin/view/TWiki/CustomUserGroupNotations.html]
[www.linux4sam.org/bin/view/TWiki/WebRssBase.html]
[www.linux4sam.org/bin/view/TWiki/WebAtomBase.html]
[www.linux4sam.org/bin/view/TWiki/WebChangesAlert.html]
[www.linux4sam.org/bin/view/TWiki/TWikiRegistration.html]
[www.linux4sam.org/bin/view/Linux4SAM/WebNotify.html]
[www.linux4sam.org/bin/view/Linux4SAM/WebNotify3fe3.html]
[www.linux4sam.org/bin/view/Linux4SAM/WebStatistics33a1.html]
[www.linux4sam.org/bin/view/Linux4SAM/WebStatistics44bd.html]
[www.linux4sam.org/bin/view/Linux4SAM/WebStatistics76e2.html]
[www.linux4sam.org/bin/view/Linux4SAM/WebStatisticsb21c.html]
[www.linux4sam.org/bin/view/Linux4SAM/WebStatisticsd1c3.html]
[www.linux4sam.org/bin/view/Linux4SAM/WebStatisticse84d.html]
[www.linux4sam.org/bin/view/Linux4SAM/WebStatistics.html]
[www.linux4sam.org/bin/view/Linux4SAM/WebStatistics3fe3.html]
[www.linux4sam.org/bin/view/TWiki/TWikiDocumentation.html]
[www.linux4sam.org/bin/view/Linux4SAM/WebHome02cd.html]
[www.linux4sam.org/bin/view/Linux4SAM/WebHomecc4a.html]
[www.linux4sam.org/bin/view/Linux4SAM/WebHomec02a.html]
[www.linux4sam.org/bin/view/Linux4SAM/WebHome101b.html]
[www.linux4sam.org/bin/view/Linux4SAM/WebHomeda64.html]
[www.linux4sam.org/bin/view/Linux4SAM/WebHome0539.html]
[www.linux4sam.org/bin/view/Linux4SAM/WebHomef3f9.html]
[www.linux4sam.org/bin/view/Linux4SAM/WebHome3fe3.html]
[www.linux4sam.org/bin/view/Linux4SAM/WebHomee1ce.html]
[www.linux4sam.org/bin/view/Linux4SAM/WebHome33a1.html]
[www.linux4sam.org/bin/view/Linux4SAM/WebHome18e3.html]
[www.linux4sam.org/bin/view/Linux4SAM/WebHome44bd.html]
[www.linux4sam.org/bin/view/Linux4SAM/WebHome0921.html]
[www.linux4sam.org/bin/view/Linux4SAM/WebHome76e2.html]
[www.linux4sam.org/bin/view/Linux4SAM/WebHome24ab.html]
[www.linux4sam.org/bin/view/Linux4SAM/WebHomeb21c.html]
[www.linux4sam.org/bin/view/Linux4SAM/WebHomecdb1.html]
[www.linux4sam.org/bin/view/Linux4SAM/WebHomed1c3.html]
[www.linux4sam.org/bin/view/Linux4SAM/WebHome1cf4.html]
[www.linux4sam.org/bin/view/Linux4SAM/WebHomee84d.html]
[www.linux4sam.org/bin/view/Linux4SAM/WebHome7034.html]
[www.linux4sam.org/bin/view/Linux4SAM/WebHomebf07.html]
[www.linux4sam.org/bin/view/Linux4SAM/LinksToCommunities3fe3.html]
[www.linux4sam.org/bin/view/Linux4SAM/SelectingPDAatBoot.html]
[www.linux4sam.org/bin/view/Linux4SAM/SelectingPDAatBoot3fe3.html]
[www.linux4sam.org/bin/view/Linux4SAM/WebFaqBaseForm33a1.html]
[www.linux4sam.org/bin/view/Linux4SAM/WebFaqBaseForm44bd.html]
[www.linux4sam.org/bin/view/Linux4SAM/WebFaqBaseForm76e2.html]
[www.linux4sam.org/bin/view/Linux4SAM/WebFaqBaseFormb21c.html]
[www.linux4sam.org/bin/view/Linux4SAM/WebFaqBaseFormd1c3.html]
[www.linux4sam.org/bin/view/Linux4SAM/WebFaqBaseForme84d.html]
[www.linux4sam.org/bin/view/Linux4SAM/WebFaqBaseForm.html]
[www.linux4sam.org/bin/view/Linux4SAM/PDADetectionAtBoot3fe3.html]
[www.linux4sam.org/bin/view/Linux4SAM/UsingFITwithOverlays3fe3.html]
[www.linux4sam.org/bin/view/Linux4SAM/WebFaqBaseForm3fe3.html]
[www.linux4sam.org/pub/Linux4SAM/LegacySAM9x5Page/block_9X5_combined.png]
[www.linux4sam.org/pub/Linux4SAM/KitInformation/9x5_board_presentation.png]
[www.linux4sam.org/bin/view/Linux4SAM/index3fe3.html]
[www.linux4sam.org/bin/view/Linux4SAM/AT91sam9x5ekMainPage.html]
[www.linux4sam.org/bin/view/Linux4SAM/PatchingDTinUboot3fe3.html]
[www.linux4sam.org/bin/view/Linux4SAM/AT91sam9x5ekMainPage3fe3.html]
[www.linux4sam.org/bin/view/Linux4SAM/WebLeftBar.html]
[www.linux4sam.org/bin/view/Linux4SAM/WebLeftBar3fe3.html]
[www.linux4sam.org/bin/view/Linux4SAM/PokyBuild.html]
[www.linux4sam.org/bin/view/Linux4SAM/PokyBuild3fe3.html]
[www.linux4sam.org/bin/view/Linux4SAM/AudioFAQ.html]
[www.linux4sam.org/bin/view/Linux4SAM/AudioFAQ3fe3.html]
[www.linux4sam.org/bin/view/Linux4SAM/Sam9x60EkAttachingTm5000Display.html]
[www.linux4sam.org/pub/Linux4SAM/GuiSolutions/atmelCrank.png]
[www.linux4sam.org/bin/view/Linux4SAM/Sam9x60EkAttachingTm5000Display3fe3.html]
[www.linux4sam.org/pub/Linux4SAM/GuiSolutions/Eval.png]
[www.linux4sam.org/pub/Linux4SAM/GuiSolutions/vid_atmel.jpg]
[www.linux4sam.org/pub/Linux4SAM/GuiSolutions/vid_atmel_2.jpg]
[www.linux4sam.org/pub/Linux4SAM/GuiSolutions/vid_atmel_3.jpg]
[www.linux4sam.org/bin/view/Linux4SAM/GuiSolutions33a1.html]
[www.linux4sam.org/bin/view/Linux4SAM/GuiSolutions44bd.html]
[www.linux4sam.org/bin/view/Linux4SAM/GuiSolutions76e2.html]
[www.linux4sam.org/bin/view/Linux4SAM/GuiSolutionsb21c.html]
[www.linux4sam.org/bin/view/Linux4SAM/GuiSolutionsd1c3.html]
[www.linux4sam.org/bin/view/Linux4SAM/GuiSolutionse84d.html]
[www.linux4sam.org/bin/view/Linux4SAM/GuiSolutionsbf07.html]
[www.linux4sam.org/bin/view/Linux4SAM/GuiSolutions.html]
[www.linux4sam.org/pub/Linux4SAM/KitInformation/a5d4ek_board_presentation.png]
[www.linux4sam.org/bin/view/Linux4SAM/GuiSolutions3fe3.html]
[www.linux4sam.org/pub/Linux4SAM/KitInformation/sama5d3xek_jlink_CDC_UART.png]
[www.linux4sam.org/bin/view/Linux4SAM/Sama5d4ekMainPage.html]
[www.linux4sam.org/pub/Linux4SAM/KitInformation/a5d3x_board_presentation.png]
[www.linux4sam.org/bin/view/Linux4SAM/Sama5d4ekMainPage3fe3.html]
[www.linux4sam.org/bin/view/Linux4SAM/Sama5d3xekMainPage.html]
[www.linux4sam.org/bin/view/Linux4SAM/Sama5d3xekMainPage3fe3.html]
[www.linux4sam.org/bin/view/Linux4SAM/YoctoProjectFAQ.html]
[www.linux4sam.org/bin/view/Linux4SAM/YoctoProject3fe3.html]
[www.linux4sam.org/bin/view/Linux4SAM/YoctoProjectFAQ3fe3.html]
[www.linux4sam.org/bin/view/Linux4SAM/DemoSD33a1.html]
[www.linux4sam.org/bin/view/Linux4SAM/DemoSD44bd.html]
[www.linux4sam.org/bin/view/Linux4SAM/DemoSD76e2.html]
[www.linux4sam.org/bin/view/Linux4SAM/DemoSDb21c.html]
[www.linux4sam.org/bin/view/Linux4SAM/DemoSDd1c3.html]
[www.linux4sam.org/bin/view/Linux4SAM/DemoSDe84d.html]
[www.linux4sam.org/pub/Linux4SAM/DemoSD/boot.jpg]
[www.linux4sam.org/bin/view/Linux4SAM/DemoSDbf07.html]
[www.linux4sam.org/pub/Linux4SAM/DemoSD/rawrite32.jpg]
[www.linux4sam.org/bin/view/Linux4SAM/DemoSD.html]
[www.linux4sam.org/bin/view/Linux4SAM/BuildRoot3fe3.html]
[www.linux4sam.org/bin/view/Linux4SAM/DemoSD3fe3.html]
[www.linux4sam.org/bin/view/Linux4SAM/BuildIssueOpenWrtUbuntu2004.html]
[www.linux4sam.org/bin/view/Linux4SAM/BuildIssueOpenWrtUbuntu20043fe3.html]
[www.linux4sam.org/bin/view/Linux4SAM/OpenWrte1ce.html]
[www.linux4sam.org/bin/view/Linux4SAM/index33a1.html]
[www.linux4sam.org/bin/view/Linux4SAM/OpenWrt33a1.html]
[www.linux4sam.org/bin/view/Linux4SAM/OpenWrt18e3.html]
[www.linux4sam.org/bin/view/Linux4SAM/index44bd.html]
[www.linux4sam.org/bin/view/Linux4SAM/OpenWrt44bd.html]
[www.linux4sam.org/bin/view/Linux4SAM/OpenWrt0921.html]
[www.linux4sam.org/bin/view/Linux4SAM/OpenWrt76e2.html]
[www.linux4sam.org/bin/view/Linux4SAM/index76e2.html]
[www.linux4sam.org/bin/view/Linux4SAM/OpenWrt24ab.html]
[www.linux4sam.org/bin/view/Linux4SAM/OpenWrtb21c.html]
[www.linux4sam.org/bin/view/Linux4SAM/indexb21c.html]
[www.linux4sam.org/bin/view/Linux4SAM/OpenWrtcdb1.html]
[www.linux4sam.org/bin/view/Linux4SAM/OpenWrtd1c3.html]
[www.linux4sam.org/bin/view/Linux4SAM/indexd1c3.html]
[www.linux4sam.org/bin/view/Linux4SAM/indexe84d.html]
[www.linux4sam.org/bin/view/Linux4SAM/OpenWrt1cf4.html]
[www.linux4sam.org/bin/view/Linux4SAM/OpenWrte84d.html]
[www.linux4sam.org/bin/view/Linux4SAM/OpenWrt7034.html]
[www.linux4sam.org/bin/view/Linux4SAM/OpenWrtbf07.html]
[www.linux4sam.org/bin/view/Linux4SAM/indexbf07.html]
[www.linux4sam.org/bin/view/Linux4SAM/OpenWrt02cd.html]
[www.linux4sam.org/bin/view/Linux4SAM/OpenWrtcc4a.html]
[www.linux4sam.org/bin/view/Linux4SAM/OpenWrtc02a.html]
[www.linux4sam.org/bin/view/Linux4SAM/OpenWrt101b.html]
[www.linux4sam.org/bin/view/Linux4SAM/OpenWrtda64.html]
[www.linux4sam.org/bin/view/Linux4SAM/OpenWrt0539.html]
[www.linux4sam.org/bin/view/Linux4SAM/OpenWrt3fe3.html]
[www.linux4sam.org/pub/Linux4SAM/WebBasedWiFiProvisioning/web-wifi-prov.jpg]
[www.linux4sam.org/bin/view/Linux4SAM/OpenWrtf3f9.html]
[www.linux4sam.org/pub/Linux4SAM/WebBasedWiFiProvisioning/start_ap_cmd.jpg]
[www.linux4sam.org/pub/Linux4SAM/WebBasedWiFiProvisioning/soft_ap_ip_address.jpg]
[www.linux4sam.org/pub/Linux4SAM/WebBasedWiFiProvisioning/webpage_wilc.jpg]
[www.linux4sam.org/bin/view/Linux4SAM/WebBasedWiFiProvisioning33a1.html]
[www.linux4sam.org/bin/view/Linux4SAM/WebBasedWiFiProvisioning44bd.html]
[www.linux4sam.org/bin/view/Linux4SAM/WebBasedWiFiProvisioning76e2.html]
[www.linux4sam.org/bin/view/Linux4SAM/WebBasedWiFiProvisioningb21c.html]
[www.linux4sam.org/bin/view/Linux4SAM/WebBasedWiFiProvisioningd1c3.html]
[www.linux4sam.org/bin/view/Linux4SAM/WebBasedWiFiProvisioninge84d.html]
[www.linux4sam.org/bin/view/Linux4SAM/WebBasedWiFiProvisioningbf07.html]
[www.linux4sam.org/bin/view/Linux4SAM/WebBasedWiFiProvisioning.html]
[www.linux4sam.org/pub/Linux4SAM/BleTransparentService/wlsom_trans_server_setup.jpg]
[www.linux4sam.org/bin/view/Linux4SAM/WebBasedWiFiProvisioning3fe3.html]
[www.linux4sam.org/pub/Linux4SAM/BleTransparentService/trans_service_output.jpg]
[www.linux4sam.org/pub/Linux4SAM/BleTransparentService/device_scan_list.jpg]
[www.linux4sam.org/pub/Linux4SAM/BleTransparentService/trans_serv_app_tx.jpg]
[www.linux4sam.org/pub/Linux4SAM/BleTransparentService/trans_data_rx.jpg]
[www.linux4sam.org/pub/Linux4SAM/BleTransparentService/trans_serv_data_tx.jpg]
[www.linux4sam.org/pub/Linux4SAM/BleTransparentService/trans_serv_app_rx.jpg]
[www.linux4sam.org/pub/Linux4SAM/BleTransparentService/transparent_service_filetransfer.jpg]
[www.linux4sam.org/pub/Linux4SAM/BleTransparentService/transparent_service_datatransfer.jpg]
[www.linux4sam.org/bin/view/Linux4SAM/BleTransparentService.html]
[www.linux4sam.org/pub/Linux4SAM/WiFiProvisioningOverBLE/BLE-WiFi_prov-Setup.jpg]
[www.linux4sam.org/bin/view/Linux4SAM/BleTransparentService3fe3.html]
[www.linux4sam.org/pub/Linux4SAM/WiFiProvisioningOverBLE/wifi_prov_over_ble_console.jpg]
[www.linux4sam.org/pub/Linux4SAM/WiFiProvisioningOverBLE/wifi_prov_over_ble_mob_app.jpg]
[www.linux4sam.org/bin/view/Linux4SAM/WiFiProvisioningOverBLE.html]
[www.linux4sam.org/pub/Linux4SAM/BluetoothHeartRateProfile/ble-heartrate-setup.jpg]
[www.linux4sam.org/bin/view/Linux4SAM/WiFiProvisioningOverBLE3fe3.html]
[www.linux4sam.org/pub/Linux4SAM/BluetoothHeartRateProfile/ble_heartrate_console_output.jpg]
[www.linux4sam.org/pub/Linux4SAM/BluetoothHeartRateProfile/ble_scanner.jpg]
[www.linux4sam.org/pub/Linux4SAM/BluetoothHeartRateProfile/heartrate.jpg]
[www.linux4sam.org/bin/view/Linux4SAM/BluetoothHeartRateProfile33a1.html]
[www.linux4sam.org/bin/view/Linux4SAM/BluetoothHeartRateProfile44bd.html]
[www.linux4sam.org/bin/view/Linux4SAM/BluetoothHeartRateProfile76e2.html]
[www.linux4sam.org/bin/view/Linux4SAM/BluetoothHeartRateProfileb21c.html]
[www.linux4sam.org/bin/view/Linux4SAM/BluetoothHeartRateProfiled1c3.html]
[www.linux4sam.org/bin/view/Linux4SAM/BluetoothHeartRateProfilee84d.html]
[www.linux4sam.org/bin/view/Linux4SAM/BluetoothHeartRateProfilebf07.html]
[www.linux4sam.org/bin/view/Linux4SAM/BluetoothHeartRateProfile.html]
[www.linux4sam.org/bin/view/Linux4SAM/BluetoothHeartRateProfile3fe3.html]
[www.linux4sam.org/bin/view/Linux4SAM/Applications33a1.html]
[www.linux4sam.org/bin/view/Linux4SAM/Applicationse1ce.html]
[www.linux4sam.org/bin/view/Linux4SAM/Applications44bd.html]
[www.linux4sam.org/bin/view/Linux4SAM/Applications18e3.html]
[www.linux4sam.org/bin/view/Linux4SAM/Applications76e2.html]
[www.linux4sam.org/bin/view/Linux4SAM/Applications0921.html]
[www.linux4sam.org/bin/view/Linux4SAM/Applicationsb21c.html]
[www.linux4sam.org/bin/view/Linux4SAM/Applications24ab.html]
[www.linux4sam.org/bin/view/Linux4SAM/Applicationsd1c3.html]
[www.linux4sam.org/bin/view/Linux4SAM/Applicationscdb1.html]
[www.linux4sam.org/bin/view/Linux4SAM/Applicationse84d.html]
[www.linux4sam.org/bin/view/Linux4SAM/Applications1cf4.html]
[www.linux4sam.org/bin/view/Linux4SAM/Applicationsbf07.html]
[www.linux4sam.org/bin/view/Linux4SAM/Applications7034.html]
[www.linux4sam.org/bin/view/Linux4SAM/Applications02cd.html]
[www.linux4sam.org/bin/view/Linux4SAM/Applicationscc4a.html]
[www.linux4sam.org/bin/view/Linux4SAM/Applicationsc02a.html]
[www.linux4sam.org/bin/view/Linux4SAM/Applications101b.html]
[www.linux4sam.org/bin/view/Linux4SAM/Applicationsda64.html]
[www.linux4sam.org/bin/view/Linux4SAM/Applications0539.html]
[www.linux4sam.org/bin/view/Linux4SAM/Applications3fe3.html]
[www.linux4sam.org/pub/Linux4SAM/UsingIsi6/Screenshot_from_2018-11-14_13-26-01.png]
[www.linux4sam.org/pub/Linux4SAM/UsingIsi6/Screenshot_from_2018-11-14_13-28-44.png]
[www.linux4sam.org/bin/view/Linux4SAM/Applicationsf3f9.html]
[www.linux4sam.org/pub/Linux4SAM/UsingIsi6/isi-gstreamer.png]
[www.linux4sam.org/bin/view/Linux4SAM/UsingIsi633a1.html]
[www.linux4sam.org/bin/view/Linux4SAM/UsingIsi644bd.html]
[www.linux4sam.org/bin/view/Linux4SAM/UsingIsi676e2.html]
[www.linux4sam.org/bin/view/Linux4SAM/UsingIsi6b21c.html]
[www.linux4sam.org/bin/view/Linux4SAM/UsingIsi6d1c3.html]
[www.linux4sam.org/bin/view/Linux4SAM/UsingIsi6e84d.html]
[www.linux4sam.org/bin/view/Linux4SAM/UsingIsi6bf07.html]
[www.linux4sam.org/bin/view/Linux4SAM/UsingIsi6.html]
[www.linux4sam.org/bin/view/Linux4SAM/UsingIsi63fe3.html]
[www.linux4sam.org/bin/view/Linux4SAM/LinuxKernel_4_14.html]
[www.linux4sam.org/bin/view/Linux4SAM/LinuxKernel_4_143fe3.html]
[www.linux4sam.org/bin/view/Linux4SAM/LinuxKernel_4_19.html]
[www.linux4sam.org/bin/view/Linux4SAM/LinuxKernel_4_193fe3.html]
[www.linux4sam.org/bin/view/Linux4SAM/LinuxKernel_5_4.html]
[www.linux4sam.org/bin/view/Linux4SAM/LinuxKernel_5_43fe3.html]
[www.linux4sam.org/bin/view/Linux4SAM/HasherrorwhenbootingFITimage.html]
[www.linux4sam.org/bin/view/Linux4SAM/HasherrorwhenbootingFITimage3fe3.html]
[www.linux4sam.org/bin/view/Linux4SAM/LinuxKernel_4_9.html]
[www.linux4sam.org/bin/view/Linux4SAM/LinuxKernel_4_93fe3.html]
[www.linux4sam.org/bin/view/Linux4SAM/BuildLinuxSsl.html]
[www.linux4sam.org/bin/view/Linux4SAM/BuildLinuxSsl3fe3.html]
[www.linux4sam.org/bin/view/Linux4SAM/SDCardBootNotice33a1.html]
[www.linux4sam.org/bin/view/Linux4SAM/SDCardBootNotice44bd.html]
[www.linux4sam.org/bin/view/Linux4SAM/SDCardBootNotice76e2.html]
[www.linux4sam.org/bin/view/Linux4SAM/SDCardBootNotice.html]
[www.linux4sam.org/pub/Linux4SAM/UsingMaxTouch/pda_diagram.png]
[www.linux4sam.org/bin/view/Linux4SAM/SDCardBootNotice3fe3.html]
[www.linux4sam.org/bin/view/Linux4SAM/UsingMaxTouch33a1.html]
[www.linux4sam.org/bin/view/Linux4SAM/UsingMaxTouch44bd.html]
[www.linux4sam.org/bin/view/Linux4SAM/UsingMaxTouch76e2.html]
[www.linux4sam.org/bin/view/Linux4SAM/UsingMaxTouchb21c.html]
[www.linux4sam.org/bin/view/Linux4SAM/UsingMaxTouchd1c3.html]
[www.linux4sam.org/bin/view/Linux4SAM/UsingMaxTouche84d.html]
[www.linux4sam.org/bin/view/Linux4SAM/UsingMaxTouchbf07.html]
[www.linux4sam.org/bin/view/Linux4SAM/UsingMaxTouch.html]
[www.linux4sam.org/bin/view/Linux4SAM/UsingMaxTouch3fe3.html]
[www.linux4sam.org/bin/view/Linux4SAM/LinuxKernel_3_18.html]
[www.linux4sam.org/bin/view/Linux4SAM/LinuxKernel_3_183fe3.html]
[www.linux4sam.org/bin/view/Linux4SAM/LinuxKernel_4_1.html]
[www.linux4sam.org/bin/view/Linux4SAM/LinuxKernel_4_13fe3.html]
[www.linux4sam.org/bin/view/Linux4SAM/LinuxKernel_4_4.html]
[www.linux4sam.org/pub/Linux4SAM/UsingSAMA5D2ADCDevice/20151215_174632.jpg]
[www.linux4sam.org/bin/view/Linux4SAM/LinuxKernel_4_43fe3.html]
[www.linux4sam.org/bin/view/Linux4SAM/UsingSAMA5D2ADCDeviceaabf.html]
[www.linux4sam.org/bin/view/Linux4SAM/UsingSAMA5D2ADCDevicead61.html]
[www.linux4sam.org/bin/view/Linux4SAM/UsingSAMA5D2ADCDevice306b.html]
[www.linux4sam.org/bin/view/Linux4SAM/UsingSAMA5D2ADCDevicee4a1.html]
[www.linux4sam.org/bin/view/Linux4SAM/UsingSAMA5D2ADCDevicee152.html]
[www.linux4sam.org/bin/view/Linux4SAM/UsingSAMA5D2ADCDeviceb628.html]
[www.linux4sam.org/bin/view/Linux4SAM/UsingSAMA5D2ADCDevice6808.html]
[www.linux4sam.org/bin/view/Linux4SAM/UsingSAMA5D2ADCDevice.html]
[www.linux4sam.org/bin/view/Linux4SAM/UsingSAMA5D2ADCDevice3fe3.html]
[www.linux4sam.org/bin/view/Linux4SAM/ExternalComponentOnEBI.html]
[www.linux4sam.org/pub/Linux4SAM/UsingAtmelDRMDriver/modetest_overlay.jpg]
[www.linux4sam.org/bin/view/Linux4SAM/ExternalComponentOnEBI3fe3.html]
[www.linux4sam.org/bin/view/Linux4SAM/UsingAtmelDRMDriver33a1.html]
[www.linux4sam.org/bin/view/Linux4SAM/UsingAtmelDRMDriver44bd.html]
[www.linux4sam.org/bin/view/Linux4SAM/UsingAtmelDRMDriver76e2.html]
[www.linux4sam.org/bin/view/Linux4SAM/UsingAtmelDRMDriverb21c.html]
[www.linux4sam.org/bin/view/Linux4SAM/UsingAtmelDRMDriverd1c3.html]
[www.linux4sam.org/bin/view/Linux4SAM/UsingAtmelDRMDrivere84d.html]
[www.linux4sam.org/bin/view/Linux4SAM/UsingAtmelDRMDriverbf07.html]
[www.linux4sam.org/bin/view/Linux4SAM/UsingAtmelDRMDriver.html]
[www.linux4sam.org/bin/view/Linux4SAM/UsingAtmelDRMDriver3fe3.html]
[www.linux4sam.org/bin/view/Linux4SAM/LinuxKernel_3_10.html]
[www.linux4sam.org/bin/view/Linux4SAM/LinuxKernel_3_103fe3.html]
[www.linux4sam.org/bin/view/Linux4SAM/USBGadgetConfig.html]
[www.linux4sam.org/bin/view/Linux4SAM/Sam9x60EKMainPage3fe3.html]
[www.linux4sam.org/pub/Linux4SAM/CryptoConfig/openssl-binary.png]
[www.linux4sam.org/pub/Linux4SAM/CryptoConfig/cryptodev.png]
[www.linux4sam.org/bin/view/Linux4SAM/USBGadgetConfig3fe3.html]
[www.linux4sam.org/pub/Linux4SAM/CryptoConfig/cryptodev-linux.png]
[www.linux4sam.org/pub/Linux4SAM/CryptoConfig/af_alg.png]
[www.linux4sam.org/pub/Linux4SAM/CryptoConfig/cryptodriver.png]
[www.linux4sam.org/bin/view/Linux4SAM/CryptoConfig6f9e.html]
[www.linux4sam.org/bin/view/Linux4SAM/CryptoConfig8f98.html]
[www.linux4sam.org/bin/view/Linux4SAM/CryptoConfig668c.html]
[www.linux4sam.org/bin/view/Linux4SAM/CryptoConfig40db.html]
[www.linux4sam.org/bin/view/Linux4SAM/CryptoConfig904b.html]
[www.linux4sam.org/bin/view/Linux4SAM/CryptoConfig9b54.html]
[www.linux4sam.org/bin/view/Linux4SAM/CryptoConfig946b.html]
[www.linux4sam.org/bin/view/Linux4SAM/CryptoConfig.html]
[www.linux4sam.org/bin/view/Linux4SAM/Sama5d27Som1EKMainPage3fe3.html]
[www.linux4sam.org/bin/view/Linux4SAM/Sama5d27WLSom1EKMainPage3fe3.html]
[www.linux4sam.org/bin/view/Linux4SAM/CryptoConfig3fe3.html]
[www.linux4sam.org/bin/view/Linux4SAM/StroreRootFSonSD.html]
[www.linux4sam.org/bin/view/Linux4SAM/Sama5d2XplainedMainPage3fe3.html]
[www.linux4sam.org/bin/view/Linux4SAM/StroreRootFSonSD3fe3.html]
[www.linux4sam.org/bin/view/Linux4SAM/UsingUltraLowPowerMode1.html]
[www.linux4sam.org/bin/view/Linux4SAM/Sama5d2IcpMainPage3fe3.html]
[www.linux4sam.org/bin/view/Linux4SAM/UsingUltraLowPowerMode13fe3.html]
[www.linux4sam.org/bin/view/Linux4SAM/ConvertSAMBAScript.html]
[www.linux4sam.org/bin/view/Linux4SAM/ConvertSAMBAScript3fe3.html]
[www.linux4sam.org/bin/view/Linux4SAM/indexb092.html]
[www.linux4sam.org/bin/view/Linux4SAM/SoftwareTools38dd.html]
[www.linux4sam.org/bin/view/Linux4SAM/SoftwareToolsb092.html]
[www.linux4sam.org/bin/view/Linux4SAM/WebFaqb092.html]
[www.linux4sam.org/bin/view/Linux4SAM/SoftwareTools372f.html]
[www.linux4sam.org/bin/view/Linux4SAM/index9ccf.html]
[www.linux4sam.org/bin/view/Linux4SAM/SoftwareTools9ccf.html]
[www.linux4sam.org/bin/view/Linux4SAM/WebFaq9ccf.html]
[www.linux4sam.org/bin/view/Linux4SAM/SoftwareToolse07f.html]
[www.linux4sam.org/bin/view/Linux4SAM/SoftwareTools3fe3.html]
[www.linux4sam.org/bin/view/Linux4SAM/SoftwareTools2fef.html]
[www.linux4sam.org/pub/Linux4SAM/U-Boot/SAM-BA_selectboard.jpg]
[www.linux4sam.org/pub/Linux4SAM/OpenEmbeddedAngstromGet/SAM-BA_mainwin-rootfs.png]
[www.linux4sam.org/bin/view/Linux4SAM/OpenEmbeddedAngstromGetaabf.html]
[www.linux4sam.org/bin/view/Linux4SAM/OpenEmbeddedAngstromGetad61.html]
[www.linux4sam.org/bin/view/Linux4SAM/OpenEmbeddedAngstromGet306b.html]
[www.linux4sam.org/bin/view/Linux4SAM/OpenEmbeddedAngstromGete4a1.html]
[www.linux4sam.org/bin/view/Linux4SAM/OpenEmbeddedAngstromGete152.html]
[www.linux4sam.org/bin/view/Linux4SAM/OpenEmbeddedAngstromGetb628.html]
[www.linux4sam.org/bin/view/Linux4SAM/OpenEmbeddedAngstromGet6808.html]
[www.linux4sam.org/bin/view/Linux4SAM/OpenEmbeddedAngstromGet.html]
[www.linux4sam.org/bin/view/Linux4SAM/U-BootFAQ3fe3.html]
[www.linux4sam.org/bin/view/Linux4SAM/WilcFaq3fe3.html]
[www.linux4sam.org/bin/view/Linux4SAM/Sama5d2PtcEKMainPage3fe3.html]
[www.linux4sam.org/bin/view/Linux4SAM/OpenEmbeddedAngstromGet3fe3.html]
[www.linux4sam.org/bin/view/Linux4SAM/IioAdcDriveraabf.html]
[www.linux4sam.org/bin/view/Linux4SAM/IioAdcDriverad61.html]
[www.linux4sam.org/bin/view/Linux4SAM/IioAdcDriver306b.html]
[www.linux4sam.org/bin/view/Linux4SAM/IioAdcDrivere4a1.html]
[www.linux4sam.org/bin/view/Linux4SAM/IioAdcDrivere152.html]
[www.linux4sam.org/bin/view/Linux4SAM/IioAdcDriverb628.html]
[www.linux4sam.org/bin/view/Linux4SAM/IioAdcDriver6808.html]
[www.linux4sam.org/bin/view/Linux4SAM/IioAdcDriver.html]
[www.linux4sam.org/bin/view/Linux4SAM/Sama5d3XplainedMainPage3fe3.html]
[www.linux4sam.org/bin/view/Linux4SAM/Sama5d4XplainedMainPage3fe3.html]
[www.linux4sam.org/bin/view/Linux4SAM/DemoArchive6_2_icp3fe3.html]
[www.linux4sam.org/bin/view/Linux4SAM/IioAdcDriver3fe3.html]
[www.linux4sam.org/bin/view/Linux4SAM/SOM1EKeMMCSupport9c63.html]
[www.linux4sam.org/bin/view/Linux4SAM/index6f9e.html]
[www.linux4sam.org/bin/view/Linux4SAM/SOM1EKeMMCSupport6f9e.html]
[www.linux4sam.org/bin/view/Linux4SAM/WebFaq6f9e.html]
[www.linux4sam.org/bin/view/Linux4SAM/SOM1EKeMMCSupport5703.html]
[www.linux4sam.org/bin/view/Linux4SAM/index8f98.html]
[www.linux4sam.org/bin/view/Linux4SAM/SOM1EKeMMCSupport8f98.html]
[www.linux4sam.org/bin/view/Linux4SAM/WebFaq8f98.html]
[www.linux4sam.org/bin/view/Linux4SAM/SOM1EKeMMCSupport6a26.html]
[www.linux4sam.org/bin/view/Linux4SAM/index668c.html]
[www.linux4sam.org/bin/view/Linux4SAM/SOM1EKeMMCSupport668c.html]
[www.linux4sam.org/bin/view/Linux4SAM/WebFaq668c.html]
[www.linux4sam.org/bin/view/Linux4SAM/SOM1EKeMMCSupport3ab9.html]
[www.linux4sam.org/bin/view/Linux4SAM/index40db.html]
[www.linux4sam.org/bin/view/Linux4SAM/SOM1EKeMMCSupport40db.html]
[www.linux4sam.org/bin/view/Linux4SAM/WebFaq40db.html]
[www.linux4sam.org/bin/view/Linux4SAM/SOM1EKeMMCSupport78af.html]
[www.linux4sam.org/bin/view/Linux4SAM/index904b.html]
[www.linux4sam.org/bin/view/Linux4SAM/SOM1EKeMMCSupport904b.html]
[www.linux4sam.org/bin/view/Linux4SAM/WebFaq904b.html]
[www.linux4sam.org/bin/view/Linux4SAM/SOM1EKeMMCSupportb0ab.html]
[www.linux4sam.org/bin/view/Linux4SAM/index9b54.html]
[www.linux4sam.org/bin/view/Linux4SAM/SOM1EKeMMCSupport9b54.html]
[www.linux4sam.org/bin/view/Linux4SAM/WebFaq9b54.html]
[www.linux4sam.org/bin/view/Linux4SAM/SOM1EKeMMCSupport8dd1.html]
[www.linux4sam.org/bin/view/Linux4SAM/index946b.html]
[www.linux4sam.org/bin/view/Linux4SAM/SOM1EKeMMCSupport946b.html]
[www.linux4sam.org/bin/view/Linux4SAM/WebFaq946b.html]
[www.linux4sam.org/bin/view/Linux4SAM/SOM1EKeMMCSupport2909.html]
[www.linux4sam.org/bin/view/Linux4SAM/SOM1EKeMMCSupport0ef1.html]
[www.linux4sam.org/bin/view/Linux4SAM/SOM1EKeMMCSupport2f98.html]
[www.linux4sam.org/bin/view/Linux4SAM/SOM1EKeMMCSupportc856.html]
[www.linux4sam.org/bin/view/Linux4SAM/SOM1EKeMMCSupporte805.html]
[www.linux4sam.org/bin/view/Linux4SAM/SOM1EKeMMCSupport1ee1.html]
[www.linux4sam.org/bin/view/Linux4SAM/SOM1EKeMMCSupport3fe3.html]
[www.linux4sam.org/bin/view/Linux4SAM/UsingI2SC3fe3.html]
[www.linux4sam.org/bin/view/Linux4SAM/UsingPTC3fe3.html]
[www.linux4sam.org/bin/view/Linux4SAM/DemoArchive6_23fe3.html]
[www.linux4sam.org/bin/view/Linux4SAM/SOM1EKeMMCSupportc0bc.html]
[www.linux4sam.org/bin/view/Linux4SAM/UsingISC7fdb.html]
[www.linux4sam.org/bin/view/Linux4SAM/index4479.html]
[www.linux4sam.org/bin/view/Linux4SAM/UsingISC4479.html]
[www.linux4sam.org/bin/view/Linux4SAM/WebFaq4479.html]
[www.linux4sam.org/bin/view/Linux4SAM/UsingISCb5b6.html]
[www.linux4sam.org/bin/view/Linux4SAM/index9a1a.html]
[www.linux4sam.org/bin/view/Linux4SAM/UsingISC9a1a.html]
[www.linux4sam.org/bin/view/Linux4SAM/WebFaq9a1a.html]
[www.linux4sam.org/bin/view/Linux4SAM/UsingISC124a.html]
[www.linux4sam.org/bin/view/Linux4SAM/index94f5.html]
[www.linux4sam.org/bin/view/Linux4SAM/UsingISC94f5.html]
[www.linux4sam.org/bin/view/Linux4SAM/WebFaq94f5.html]
[www.linux4sam.org/bin/view/Linux4SAM/index4dc9.html]
[www.linux4sam.org/bin/view/Linux4SAM/UsingISC12c3.html]
[www.linux4sam.org/bin/view/Linux4SAM/UsingISC4dc9.html]
[www.linux4sam.org/bin/view/Linux4SAM/WebFaq4dc9.html]
[www.linux4sam.org/bin/view/Linux4SAM/UsingISC1458.html]
[www.linux4sam.org/bin/view/Linux4SAM/index46fc.html]
[www.linux4sam.org/bin/view/Linux4SAM/UsingISC46fc.html]
[www.linux4sam.org/bin/view/Linux4SAM/WebFaq46fc.html]
[www.linux4sam.org/bin/view/Linux4SAM/UsingISC2bfc.html]
[www.linux4sam.org/bin/view/Linux4SAM/UsingISCfebb.html]
[www.linux4sam.org/bin/view/Linux4SAM/indexfebb.html]
[www.linux4sam.org/bin/view/Linux4SAM/WebFaqfebb.html]
[www.linux4sam.org/bin/view/Linux4SAM/UsingISC5042.html]
[www.linux4sam.org/bin/view/Linux4SAM/indexf54a.html]
[www.linux4sam.org/bin/view/Linux4SAM/UsingISCf54a.html]
[www.linux4sam.org/bin/view/Linux4SAM/WebFaqf54a.html]
[www.linux4sam.org/bin/view/Linux4SAM/UsingISCb65a.html]
[www.linux4sam.org/bin/view/Linux4SAM/UsingISCfdcc.html]
[www.linux4sam.org/bin/view/Linux4SAM/UsingISC6b47.html]
[www.linux4sam.org/bin/view/Linux4SAM/UsingISCf99a.html]
[www.linux4sam.org/bin/view/Linux4SAM/UsingISC3f17.html]
[www.linux4sam.org/bin/view/Linux4SAM/UsingISCf1f3.html]
[www.linux4sam.org/bin/view/Linux4SAM/UsingISC3fe3.html]
[www.linux4sam.org/bin/view/Linux4SAM/UsingISC0b00.html]
[www.linux4sam.org/bin/view/Linux4SAM/ISCWhiteBalanceFeatures33a1.html]
[www.linux4sam.org/bin/view/Linux4SAM/ISCWhiteBalanceFeaturese1ce.html]
[www.linux4sam.org/bin/view/Linux4SAM/ISCWhiteBalanceFeatures44bd.html]
[www.linux4sam.org/bin/view/Linux4SAM/ISCWhiteBalanceFeatures18e3.html]
[www.linux4sam.org/bin/view/Linux4SAM/ISCWhiteBalanceFeatures76e2.html]
[www.linux4sam.org/bin/view/Linux4SAM/ISCWhiteBalanceFeatures0921.html]
[www.linux4sam.org/bin/view/Linux4SAM/ISCWhiteBalanceFeaturesb21c.html]
[www.linux4sam.org/bin/view/Linux4SAM/ISCWhiteBalanceFeatures24ab.html]
[www.linux4sam.org/bin/view/Linux4SAM/ISCWhiteBalanceFeaturesd1c3.html]
[www.linux4sam.org/bin/view/Linux4SAM/ISCWhiteBalanceFeaturescdb1.html]
[www.linux4sam.org/bin/view/Linux4SAM/ISCWhiteBalanceFeaturese84d.html]
[www.linux4sam.org/bin/view/Linux4SAM/ISCWhiteBalanceFeatures1cf4.html]
[www.linux4sam.org/bin/view/Linux4SAM/ISCWhiteBalanceFeaturesbf07.html]
[www.linux4sam.org/bin/view/Linux4SAM/ISCWhiteBalanceFeatures7034.html]
[www.linux4sam.org/bin/view/Linux4SAM/ISCWhiteBalanceFeatures02cd.html]
[www.linux4sam.org/bin/view/Linux4SAM/ISCWhiteBalanceFeaturescc4a.html]
[www.linux4sam.org/bin/view/Linux4SAM/ISCWhiteBalanceFeaturesc02a.html]
[www.linux4sam.org/bin/view/Linux4SAM/ISCWhiteBalanceFeatures101b.html]
[www.linux4sam.org/bin/view/Linux4SAM/ISCWhiteBalanceFeaturesda64.html]
[www.linux4sam.org/bin/view/Linux4SAM/ISCWhiteBalanceFeatures0539.html]
[www.linux4sam.org/bin/view/Linux4SAM/ISCWhiteBalanceFeatures3fe3.html]
[www.linux4sam.org/bin/view/Linux4SAM/DemoArchive6_13fe3.html]
[www.linux4sam.org/pub/Linux4SAM/SambaSubsections/samba_scripts_menu.png]
[www.linux4sam.org/bin/view/Linux4SAM/ISCWhiteBalanceFeaturesf3f9.html]
[www.linux4sam.org/pub/Linux4SAM/SambaSubsections/scripts_menu_pmecc_configure.png]
[www.linux4sam.org/pub/Linux4SAM/SambaSubsections/ecc_config_4bit.png]
[www.linux4sam.org/bin/view/Linux4SAM/UbootFitImage.html]
[www.linux4sam.org/bin/view/Linux4SAM/UbootFitImage3fe3.html]
[www.linux4sam.org/bin/view/Linux4SAM/UsingSAMA5D2ResistiveTouchscreen33a1.html]
[www.linux4sam.org/bin/view/Linux4SAM/UsingSAMA5D2ResistiveTouchscreene1ce.html]
[www.linux4sam.org/bin/view/Linux4SAM/UsingSAMA5D2ResistiveTouchscreen44bd.html]
[www.linux4sam.org/bin/view/Linux4SAM/UsingSAMA5D2ResistiveTouchscreen18e3.html]
[www.linux4sam.org/bin/view/Linux4SAM/UsingSAMA5D2ResistiveTouchscreen76e2.html]
[www.linux4sam.org/bin/view/Linux4SAM/UsingSAMA5D2ResistiveTouchscreen0921.html]
[www.linux4sam.org/bin/view/Linux4SAM/UsingSAMA5D2ResistiveTouchscreenb21c.html]
[www.linux4sam.org/bin/view/Linux4SAM/UsingSAMA5D2ResistiveTouchscreen24ab.html]
[www.linux4sam.org/bin/view/Linux4SAM/UsingSAMA5D2ResistiveTouchscreend1c3.html]
[www.linux4sam.org/bin/view/Linux4SAM/UsingSAMA5D2ResistiveTouchscreencdb1.html]
[www.linux4sam.org/bin/view/Linux4SAM/UsingSAMA5D2ResistiveTouchscreene84d.html]
[www.linux4sam.org/bin/view/Linux4SAM/UsingSAMA5D2ResistiveTouchscreen1cf4.html]
[www.linux4sam.org/bin/view/Linux4SAM/UsingSAMA5D2ResistiveTouchscreenbf07.html]
[www.linux4sam.org/bin/view/Linux4SAM/UsingSAMA5D2ResistiveTouchscreen7034.html]
[www.linux4sam.org/bin/view/Linux4SAM/UsingSAMA5D2ResistiveTouchscreen02cd.html]
[www.linux4sam.org/bin/view/Linux4SAM/UsingSAMA5D2ResistiveTouchscreencc4a.html]
[www.linux4sam.org/bin/view/Linux4SAM/UsingSAMA5D2ResistiveTouchscreenc02a.html]
[www.linux4sam.org/bin/view/Linux4SAM/UsingSAMA5D2ResistiveTouchscreen101b.html]
[www.linux4sam.org/bin/view/Linux4SAM/UsingSAMA5D2ResistiveTouchscreenda64.html]
[www.linux4sam.org/bin/view/Linux4SAM/UsingSAMA5D2ResistiveTouchscreen0539.html]
[www.linux4sam.org/bin/view/Linux4SAM/UsingSAMA5D2ResistiveTouchscreen3fe3.html]
[www.linux4sam.org/bin/view/Linux4SAM/UsingSAMA5D2ResistiveTouchscreenf3f9.html]
[www.linux4sam.org/bin/view/Linux4SAM/DemoArchive.html]
[www.linux4sam.org/bin/view/Linux4SAM/DemoArchive6_03fe3.html]
[www.linux4sam.org/bin/view/Linux4SAM/DemoArchive5_83fe3.html]
[www.linux4sam.org/bin/view/Linux4SAM/DemoArchive3fe3.html]
[www.linux4sam.org/bin/view/Linux4SAM/PwmFaq9c63.html]
[www.linux4sam.org/bin/view/Linux4SAM/PwmFaq6f9e.html]
[www.linux4sam.org/bin/view/Linux4SAM/PwmFaq5703.html]
[www.linux4sam.org/bin/view/Linux4SAM/PwmFaq8f98.html]
[www.linux4sam.org/bin/view/Linux4SAM/PwmFaq6a26.html]
[www.linux4sam.org/bin/view/Linux4SAM/PwmFaq668c.html]
[www.linux4sam.org/bin/view/Linux4SAM/PwmFaq3ab9.html]
[www.linux4sam.org/bin/view/Linux4SAM/PwmFaq40db.html]
[www.linux4sam.org/bin/view/Linux4SAM/PwmFaq78af.html]
[www.linux4sam.org/bin/view/Linux4SAM/PwmFaq904b.html]
[www.linux4sam.org/bin/view/Linux4SAM/PwmFaqb0ab.html]
[www.linux4sam.org/bin/view/Linux4SAM/PwmFaq9b54.html]
[www.linux4sam.org/bin/view/Linux4SAM/PwmFaq8dd1.html]
[www.linux4sam.org/bin/view/Linux4SAM/PwmFaq946b.html]
[www.linux4sam.org/bin/view/Linux4SAM/PwmFaq2909.html]
[www.linux4sam.org/bin/view/Linux4SAM/PwmFaq0ef1.html]
[www.linux4sam.org/bin/view/Linux4SAM/PwmFaq2f98.html]
[www.linux4sam.org/bin/view/Linux4SAM/PwmFaqc856.html]
[www.linux4sam.org/bin/view/Linux4SAM/PwmFaqe805.html]
[www.linux4sam.org/bin/view/Linux4SAM/PwmFaq1ee1.html]
[www.linux4sam.org/bin/view/Linux4SAM/PwmFaqc0bc.html]
[www.linux4sam.org/bin/view/Linux4SAM/PwmFaq3fe3.html]
[www.linux4sam.org/bin/view/Linux4SAM/ConnectModuleFromPDA6f9e.html]
[www.linux4sam.org/bin/view/Linux4SAM/ConnectModuleFromPDA9c63.html]
[www.linux4sam.org/bin/view/Linux4SAM/ConnectModuleFromPDA8f98.html]
[www.linux4sam.org/bin/view/Linux4SAM/ConnectModuleFromPDA5703.html]
[www.linux4sam.org/bin/view/Linux4SAM/ConnectModuleFromPDA668c.html]
[www.linux4sam.org/bin/view/Linux4SAM/ConnectModuleFromPDA6a26.html]
[www.linux4sam.org/bin/view/Linux4SAM/ConnectModuleFromPDA40db.html]
[www.linux4sam.org/bin/view/Linux4SAM/ConnectModuleFromPDA3ab9.html]
[www.linux4sam.org/bin/view/Linux4SAM/ConnectModuleFromPDA904b.html]
[www.linux4sam.org/bin/view/Linux4SAM/ConnectModuleFromPDA78af.html]
[www.linux4sam.org/bin/view/Linux4SAM/ConnectModuleFromPDA9b54.html]
[www.linux4sam.org/bin/view/Linux4SAM/ConnectModuleFromPDAb0ab.html]
[www.linux4sam.org/bin/view/Linux4SAM/ConnectModuleFromPDA946b.html]
[www.linux4sam.org/bin/view/Linux4SAM/ConnectModuleFromPDA8dd1.html]
[www.linux4sam.org/bin/view/Linux4SAM/ConnectModuleFromPDA2909.html]
[www.linux4sam.org/bin/view/Linux4SAM/ConnectModuleFromPDA0ef1.html]
[www.linux4sam.org/bin/view/Linux4SAM/ConnectModuleFromPDA2f98.html]
[www.linux4sam.org/bin/view/Linux4SAM/ConnectModuleFromPDAc856.html]
[www.linux4sam.org/bin/view/Linux4SAM/ConnectModuleFromPDAe805.html]
[www.linux4sam.org/bin/view/Linux4SAM/ConnectModuleFromPDA1ee1.html]
[www.linux4sam.org/bin/view/Linux4SAM/ConnectModuleFromPDA3fe3.html]
[www.linux4sam.org/pub/Linux4SAM/BootLogo/BootLogo_menuconfig.png]
[www.linux4sam.org/bin/view/Linux4SAM/ConnectModuleFromPDAc0bc.html]
[www.linux4sam.org/bin/view/Linux4SAM/BootLogo33a1.html]
[www.linux4sam.org/bin/view/Linux4SAM/BootLogo44bd.html]
[www.linux4sam.org/bin/view/Linux4SAM/BootLogo76e2.html]
[www.linux4sam.org/bin/view/Linux4SAM/BootLogob21c.html]
[www.linux4sam.org/bin/view/Linux4SAM/BootLogod1c3.html]
[www.linux4sam.org/bin/view/Linux4SAM/BootLogoe84d.html]
[www.linux4sam.org/bin/view/Linux4SAM/BootLogobf07.html]
[www.linux4sam.org/bin/view/Linux4SAM/BootLogo.html]
[www.linux4sam.org/bin/view/Linux4SAM/BootLogo3fe3.html]
[www.linux4sam.org/pub/Linux4SAM/UsingIsi/soc-camera-sensors_3.18.png]
[www.linux4sam.org/pub/Linux4SAM/UsingIsi/to-select-common-camera-sensors_3.18.png]
[www.linux4sam.org/pub/Linux4SAM/UsingIsi/common-camera-sensors_3.18.png]
[www.linux4sam.org/bin/view/Linux4SAM/UsingIsi33a1.html]
[www.linux4sam.org/bin/view/Linux4SAM/UsingIsi44bd.html]
[www.linux4sam.org/bin/view/Linux4SAM/UsingIsi76e2.html]
[www.linux4sam.org/bin/view/Linux4SAM/UsingIsib21c.html]
[www.linux4sam.org/bin/view/Linux4SAM/UsingIsid1c3.html]
[www.linux4sam.org/bin/view/Linux4SAM/UsingIsie84d.html]
[www.linux4sam.org/bin/view/Linux4SAM/UsingIsibf07.html]
[www.linux4sam.org/bin/view/Linux4SAM/UsingIsi.html]
[www.linux4sam.org/pub/Linux4SAM/AT91BootstrapDebugEclipse/development_system.png]
[www.linux4sam.org/bin/view/Linux4SAM/UsingIsi3fe3.html]
[www.linux4sam.org/pub/Linux4SAM/AT91BootstrapDebugEclipse/arm-none-eabi-gcc-v.png]
[www.linux4sam.org/pub/Linux4SAM/AT91BootstrapDebugEclipse/jlink_linux_v462a.png]
[www.linux4sam.org/pub/Linux4SAM/AT91BootstrapDebugEclipse/jlink_gdb_server.png]
[www.linux4sam.org/pub/Linux4SAM/AT91BootstrapDebugEclipse/eclipse_install_gnuarm.png]
[www.linux4sam.org/pub/Linux4SAM/AT91BootstrapDebugEclipse/eclipse_zylincdt_plugin.png]
[www.linux4sam.org/pub/Linux4SAM/AT91BootstrapDebugEclipse/eclipse_installation_software.png]
[www.linux4sam.org/pub/Linux4SAM/AT91BootstrapDebugEclipse/eclipse_new_project.png]
[www.linux4sam.org/pub/Linux4SAM/AT91BootstrapDebugEclipse/eclipse_build_project.png]
[www.linux4sam.org/pub/Linux4SAM/AT91BootstrapDebugEclipse/eclipse_debug_configurations_main.png]
[www.linux4sam.org/pub/Linux4SAM/AT91BootstrapDebugEclipse/eclipse_debug_configurations_debugger.png]
[www.linux4sam.org/pub/Linux4SAM/AT91BootstrapDebugEclipse/eclipse_debug_configurations_commands.png]
[www.linux4sam.org/pub/Linux4SAM/AT91BootstrapDebugEclipse/jlink_gdb_server_ini.png]
[www.linux4sam.org/pub/Linux4SAM/AT91BootstrapDebugEclipse/eclipse_debug_download.png]
[www.linux4sam.org/pub/Linux4SAM/AT91BootstrapDebugEclipse/eclipse_debug_singlestep.png]
[www.linux4sam.org/bin/view/Linux4SAM/AT91BootstrapDebugEclipse.html]
[www.linux4sam.org/pub/Linux4SAM/PmeccConfigure/SAM-BA_ecc_parameters.jpg]
[www.linux4sam.org/bin/view/Linux4SAM/AT91BootstrapDebugEclipse3fe3.html]
[www.linux4sam.org/bin/view/Linux4SAM/PmeccConfigure6f9e.html]
[www.linux4sam.org/bin/view/Linux4SAM/PmeccConfigure8f98.html]
[www.linux4sam.org/bin/view/Linux4SAM/PmeccConfigure668c.html]
[www.linux4sam.org/bin/view/Linux4SAM/PmeccConfigure40db.html]
[www.linux4sam.org/bin/view/Linux4SAM/PmeccConfigure904b.html]
[www.linux4sam.org/bin/view/Linux4SAM/PmeccConfigure9b54.html]
[www.linux4sam.org/bin/view/Linux4SAM/PmeccConfigure946b.html]
[www.linux4sam.org/bin/view/Linux4SAM/PmeccConfigure.html]
[www.linux4sam.org/bin/view/Linux4SAM/PmeccConfigure3fe3.html]
[www.linux4sam.org/bin/view/Linux4SAM/ShutdownWakeUp.html]
[www.linux4sam.org/bin/view/Linux4SAM/ShutdownWakeUp3fe3.html]
[www.linux4sam.org/pub/Linux4SAM/RealTime/latency.png]
[www.linux4sam.org/pub/Linux4SAM/RealTime/Xconfig_preempt-rt_3_0_12-rt12.png]
[www.linux4sam.org/pub/Linux4SAM/RealTime/Xconfig_TCB_3_0_12-rt12.png]
[www.linux4sam.org/pub/Linux4SAM/RealTime/latency_gpio.png]
[www.linux4sam.org/pub/Linux4SAM/RealTime/G45_3-0-10-rt27-12H_GPIO.png]
[www.linux4sam.org/pub/Linux4SAM/RealTime/G45_3-0-10-rt27-4H_GPIO_nopreempt.png]
[www.linux4sam.org/pub/Linux4SAM/RealTime/G20_3-0-10-rt27-11H_GPIO.png]
[www.linux4sam.org/pub/Linux4SAM/RealTime/G20_3-0-10-rt27-11H_GPIO_nopreempt.png]
[www.linux4sam.org/pub/Linux4SAM/RealTime/latency_timer.png]
[www.linux4sam.org/pub/Linux4SAM/RealTime/cyclictest_G20_3_0_12_rt30_matnp99.png]
[www.linux4sam.org/pub/Linux4SAM/RealTime/cyclictest_G20_3_0_12_rt30_matp99.png]
[www.linux4sam.org/pub/Linux4SAM/RealTime/cyclictest_G20_3_0_12_rt30_matsnp99.png]
[www.linux4sam.org/pub/Linux4SAM/RealTime/cyclictest_G20_3_0_12_vanilla_no_preempt_matp99.png]
[www.linux4sam.org/pub/Linux4SAM/RealTime/cyclictest_G45_3_0_12_rt30_matp99.png]
[www.linux4sam.org/pub/Linux4SAM/RealTime/cyclictest_G45_3_0_12_rt30_matsnp99.png]
[www.linux4sam.org/pub/Linux4SAM/RealTime/cyclictest_G45_3_0_12_rt30_matsp99.png]
[www.linux4sam.org/pub/Linux4SAM/RealTime/cyclictest_G45_3_0_12_vanilla_no_preempt_matp99.png]
[www.linux4sam.org/pub/Linux4SAM/RealTime/Xconfig_Xenomai_2.6.38.8.png]
[www.linux4sam.org/pub/Linux4SAM/RealTime/Xconfig_ARM_FCSE_2.6.38.9.png]
[www.linux4sam.org/pub/Linux4SAM/RealTime/latency_kernel_timer.png]
[www.linux4sam.org/pub/Linux4SAM/RealTime/latency_IRQ_timer.png]
[www.linux4sam.org/pub/Linux4SAM/RealTime/latency_G20_2_6_38_t0P99.png]
[www.linux4sam.org/pub/Linux4SAM/RealTime/latency_G20_2_6_38_t1P99.png]
[www.linux4sam.org/pub/Linux4SAM/RealTime/latency_G20_2_6_38_t2P99.png]
[www.linux4sam.org/pub/Linux4SAM/RealTime/latency_G45_2_6_38_t0P99.png]
[www.linux4sam.org/pub/Linux4SAM/RealTime/latency_G45_2_6_38_t1P99.png]
[www.linux4sam.org/pub/Linux4SAM/RealTime/latency_G45_2_6_38_t2P99.png]
[www.linux4sam.org/bin/view/Linux4SAM/RealTimeaabf.html]
[www.linux4sam.org/bin/view/Linux4SAM/RealTimead61.html]
[www.linux4sam.org/bin/view/Linux4SAM/RealTime306b.html]
[www.linux4sam.org/bin/view/Linux4SAM/RealTimee4a1.html]
[www.linux4sam.org/bin/view/Linux4SAM/RealTimee152.html]
[www.linux4sam.org/bin/view/Linux4SAM/RealTimeb628.html]
[www.linux4sam.org/bin/view/Linux4SAM/RealTime6808.html]
[www.linux4sam.org/pub/Linux4SAM/RealTime/G45_3-0-10-rt27-34H_GPIO_nopreempt.png]
[www.linux4sam.org/pub/Linux4SAM/RealTime/G45_3-0-10-rt27-36H_GPIO.png]
[www.linux4sam.org/pub/Linux4SAM/RealTime/G45_3-0-10-rt27-notrace_47H_GIO_ext_noprintf.png]
[www.linux4sam.org/bin/view/Linux4SAM/RealTime.html]
[www.linux4sam.org/bin/view/Linux4SAM/RealTime3fe3.html]
[www.linux4sam.org/pub/Linux4SAM/AudioRecordOnAt91sam9g20ek/ssc_connection_with_codec.png]
[www.linux4sam.org/pub/Linux4SAM/AudioRecordOnAt91sam9g20ek/mic_hw_schematic.png]
[www.linux4sam.org/bin/view/Linux4SAM/AudioRecordOnAt91sam9g20ek6f9e.html]
[www.linux4sam.org/bin/view/Linux4SAM/AudioRecordOnAt91sam9g20ek8f98.html]
[www.linux4sam.org/bin/view/Linux4SAM/AudioRecordOnAt91sam9g20ek668c.html]
[www.linux4sam.org/bin/view/Linux4SAM/AudioRecordOnAt91sam9g20ek40db.html]
[www.linux4sam.org/bin/view/Linux4SAM/AudioRecordOnAt91sam9g20ek904b.html]
[www.linux4sam.org/bin/view/Linux4SAM/AudioRecordOnAt91sam9g20ek9b54.html]
[www.linux4sam.org/bin/view/Linux4SAM/AudioRecordOnAt91sam9g20ek946b.html]
[www.linux4sam.org/bin/view/Linux4SAM/AudioRecordOnAt91sam9g20ek.html]
[www.linux4sam.org/bin/view/Linux4SAM/AudioRecordOnAt91sam9g20ek3fe3.html]
[www.linux4sam.org/bin/view/Linux4SAM/SAM9M10Gstreamer33a1.html]
[www.linux4sam.org/bin/view/Linux4SAM/SAM9M10Gstreamer44bd.html]
[www.linux4sam.org/pub/Linux4SAM/SAM9M10Gstreamer/atmel-gstreamer-plugin.png]
[www.linux4sam.org/pub/Linux4SAM/SAM9M10Gstreamer/gstreamer_pipeline.png]
[www.linux4sam.org/bin/view/Linux4SAM/SAM9M10Gstreamer6f9e.html]
[www.linux4sam.org/bin/view/Linux4SAM/SAM9M10Gstreamer8f98.html]
[www.linux4sam.org/bin/view/Linux4SAM/SAM9M10Gstreamer668c.html]
[www.linux4sam.org/bin/view/Linux4SAM/SAM9M10Gstreamer40db.html]
[www.linux4sam.org/bin/view/Linux4SAM/SAM9M10Gstreamer904b.html]
[www.linux4sam.org/bin/view/Linux4SAM/SAM9M10Gstreamer9b54.html]
[www.linux4sam.org/bin/view/Linux4SAM/SAM9M10Gstreamer946b.html]
[www.linux4sam.org/bin/view/Linux4SAM/SAM9M10Gstreamer.html]
[www.linux4sam.org/bin/view/Linux4SAM/SAM9M10Gstreamer3fe3.html]
[www.linux4sam.org/bin/view/Linux4SAM/AudioClocksOnSAM9X6033a1.html]
[www.linux4sam.org/bin/view/Linux4SAM/AudioClocksOnSAM9X6044bd.html]
[www.linux4sam.org/bin/view/Linux4SAM/AudioClocksOnSAM9X6076e2.html]
[www.linux4sam.org/bin/view/Linux4SAM/AudioClocksOnSAM9X60b21c.html]
[www.linux4sam.org/bin/view/Linux4SAM/AudioClocksOnSAM9X60d1c3.html]
[www.linux4sam.org/bin/view/Linux4SAM/AudioClocksOnSAM9X60e84d.html]
[www.linux4sam.org/bin/view/Linux4SAM/AudioClocksOnSAM9X60bf07.html]
[www.linux4sam.org/bin/view/Linux4SAM/AudioClocksOnSAM9X60.html]
[www.linux4sam.org/bin/view/Linux4SAM/AudioClocksOnSAM9X603fe3.html]
[www.linux4sam.org/bin/view/Linux4SAM/ConsoleNoLongerReceivesCharacters.html]
[www.linux4sam.org/pub/Linux4SAM/PDMICAudioRecord/20160108_152413_bis.jpg]
[www.linux4sam.org/bin/view/Linux4SAM/ConsoleNoLongerReceivesCharacters3fe3.html]
[www.linux4sam.org/bin/view/Linux4SAM/PDMICAudioRecord33a1.html]
[www.linux4sam.org/bin/view/Linux4SAM/PDMICAudioRecord44bd.html]
[www.linux4sam.org/bin/view/Linux4SAM/PDMICAudioRecord76e2.html]
[www.linux4sam.org/bin/view/Linux4SAM/PDMICAudioRecordb21c.html]
[www.linux4sam.org/bin/view/Linux4SAM/PDMICAudioRecordd1c3.html]
[www.linux4sam.org/bin/view/Linux4SAM/PDMICAudioRecorde84d.html]
[www.linux4sam.org/bin/view/Linux4SAM/PDMICAudioRecordbf07.html]
[www.linux4sam.org/bin/view/Linux4SAM/PDMICAudioRecord.html]
[www.linux4sam.org/bin/view/Linux4SAM/WebFaq3fe3.html]
[www.linux4sam.org/bin/view/Linux4SAM/DriverModelInUBoot3fe3.html]
[www.linux4sam.org/bin/view/Linux4SAM/PDMICAudioRecord3fe3.html]
[www.linux4sam.org/bin/view/Linux4SAM/OpenEmbeddedAngstrom.html]
[www.linux4sam.org/bin/view/Linux4SAM/OpenEmbeddedAngstrom3fe3.html]
[www.linux4sam.org/bin/view/Linux4SAM/BuildRootBuild33a1.html]
[www.linux4sam.org/bin/view/Linux4SAM/BuildRootBuild44bd.html]
[www.linux4sam.org/bin/view/Linux4SAM/BuildRootBuild76e2.html]
[www.linux4sam.org/bin/view/Linux4SAM/BuildRootBuildb21c.html]
[www.linux4sam.org/bin/view/Linux4SAM/BuildRootBuildd1c3.html]
[www.linux4sam.org/bin/view/Linux4SAM/BuildRootBuilde84d.html]
[www.linux4sam.org/pub/Linux4SAM/BuildRootBuild/buildroot_kernel_linux-at91.png]
[www.linux4sam.org/bin/view/Linux4SAM/BuildRootBuildbf07.html]
[www.linux4sam.org/bin/view/Linux4SAM/BuildRootBuild.html]
[www.linux4sam.org/bin/view/Linux4SAM/BuildRootBuild3fe3.html]
[www.linux4sam.org/pub/Linux4SAM/LegacyGettingStarted/Linux4SAM_GettingStarted.png]
[www.linux4sam.org/pub/Linux4SAM/LegacyGettingStarted/linux_boot_sequence.png]
[www.linux4sam.org/pub/Linux4SAM/LegacyGettingStarted/demo_nandflash_map.png]
[www.linux4sam.org/pub/Linux4SAM/LegacyGettingStarted/9260_board_presentation.png]
[www.linux4sam.org/pub/Linux4SAM/LegacyGettingStarted/9260_board_presentation_tiny.png]
[www.linux4sam.org/pub/Linux4SAM/LegacyGettingStarted/9261_board_presentation.png]
[www.linux4sam.org/pub/Linux4SAM/LegacyGettingStarted/9261_board_presentation_tiny.png]
[www.linux4sam.org/pub/Linux4SAM/LegacyGettingStarted/9263_board_presentation.png]
[www.linux4sam.org/pub/Linux4SAM/LegacyGettingStarted/9263_board_presentation_tiny.png]
[www.linux4sam.org/pub/Linux4SAM/LegacyGettingStarted/9xe_board_presentation.png]
[www.linux4sam.org/pub/Linux4SAM/LegacyGettingStarted/9xe_board_presentation_tiny.png]
[www.linux4sam.org/pub/Linux4SAM/LegacyGettingStarted/9rl_board_presentation.png]
[www.linux4sam.org/pub/Linux4SAM/LegacyGettingStarted/9rl_board_presentation_tiny.png]
[www.linux4sam.org/pub/Linux4SAM/LegacyGettingStarted/9263_revb_board_presentation.png]
[www.linux4sam.org/pub/Linux4SAM/LegacyGettingStarted/9263_revb_board_presentation_tiny.png]
[www.linux4sam.org/pub/Linux4SAM/LegacyGettingStarted/9g20_board_presentation.png]
[www.linux4sam.org/pub/Linux4SAM/LegacyGettingStarted/9g20_board_presentation_tiny.png]
[www.linux4sam.org/pub/Linux4SAM/LegacyGettingStarted/9g10_board_presentation.png]
[www.linux4sam.org/pub/Linux4SAM/LegacyGettingStarted/9g10_board_presentation_tiny.png]
[www.linux4sam.org/pub/Linux4SAM/LegacyGettingStarted/9m10g45_board_presentation.png]
[www.linux4sam.org/pub/Linux4SAM/LegacyGettingStarted/9m10g45_board_presentation_tiny.png]
[www.linux4sam.org/pub/Linux4SAM/LegacyGettingStarted/9m10g45_default_jumpers_settings.png]
[www.linux4sam.org/pub/Linux4SAM/LegacyGettingStarted/Screenshot-6.png]
[www.linux4sam.org/bin/view/Linux4SAM/LegacyGettingStartedb092.html]
[www.linux4sam.org/bin/view/Linux4SAM/LegacyGettingStarted9ccf.html]
[www.linux4sam.org/bin/view/Linux4SAM/LegacyGettingStarted973e.html]
[www.linux4sam.org/bin/view/Linux4SAM/LegacyGettingStarted18c2.html]
[www.linux4sam.org/bin/view/Linux4SAM/LegacyGettingStartedfd84.html]
[www.linux4sam.org/bin/view/Linux4SAM/LegacyGettingStarted87dd.html]
[www.linux4sam.org/bin/view/Linux4SAM/LegacyGettingStartedc268.html]
[www.linux4sam.org/pub/Linux4SAM/LegacyGettingStarted/demo_dataflash_map.png]
[www.linux4sam.org/bin/view/Linux4SAM/LegacyGettingStarted.html]
[www.linux4sam.org/pub/Linux4SAM/SAM9M10Page/sam9m10.jpg]
[www.linux4sam.org/bin/view/Linux4SAM/LegacyGettingStarted3fe3.html]
[gstreamer.freedesktop.org/data/images/artwork/gstreamer-logo.png]
[www.linux4sam.org/bin/view/Linux4SAM/SAM9M10Page3153.html]
[www.linux4sam.org/bin/view/Linux4SAM/SAM9M10Pagece20.html]
[www.linux4sam.org/bin/view/Linux4SAM/SAM9M10Paged0f1.html]
[www.linux4sam.org/bin/view/Linux4SAM/SAM9M10Page1d6a.html]
[www.linux4sam.org/bin/view/Linux4SAM/SAM9M10Pagecc51.html]
[www.linux4sam.org/bin/view/Linux4SAM/SAM9M10Page19f6.html]
[www.linux4sam.org/bin/view/Linux4SAM/SAM9M10Page75c8.html]
[www.linux4sam.org/bin/view/Linux4SAM/SAM9M10Page.html]
[www.linux4sam.org/bin/view/Linux4SAM/SAM9M10Page3fe3.html]
[www.linux4sam.org/pub/Linux4SAM/GettingStarted_9x5/Screenshot-3_little.png]
[www.linux4sam.org/pub/Linux4SAM/GettingStarted_9x5/angstrom_net_console_little.png]
[www.linux4sam.org/bin/view/Linux4SAM/GettingStarted_9x533a1.html]
[www.linux4sam.org/bin/view/Linux4SAM/GettingStarted_9x544bd.html]
[www.linux4sam.org/bin/view/Linux4SAM/GettingStarted_9x576e2.html]
[www.linux4sam.org/bin/view/Linux4SAM/GettingStarted_9x5b21c.html]
[www.linux4sam.org/bin/view/Linux4SAM/GettingStarted_9x5d1c3.html]
[www.linux4sam.org/bin/view/Linux4SAM/GettingStarted_9x5e84d.html]
[www.linux4sam.org/bin/view/Linux4SAM/GettingStarted_9x5bf07.html]
[www.linux4sam.org/bin/view/Linux4SAM/GettingStarted_9x5.html]
[www.linux4sam.org/pub/Linux4SAM/GettingStarted_9n12/sam9n12_slide_show.png]
[www.linux4sam.org/bin/view/Linux4SAM/GettingStarted_9x53fe3.html]
[www.linux4sam.org/pub/Linux4SAM/GettingStarted_9n12/sam9n12_console.png]
[www.linux4sam.org/bin/view/Linux4SAM/GettingStarted_9n12.html]
[www.linux4sam.org/bin/view/Linux4SAM/GettingStarted_9n123fe3.html]
[www.linux4sam.org/bin/view/Linux4SAM/GettingStarted360e.html]
[www.linux4sam.org/bin/view/Linux4SAM/index7234.html]
[www.linux4sam.org/bin/view/Linux4SAM/GettingStarted7234.html]
[www.linux4sam.org/bin/view/Linux4SAM/WebFaq7234.html]
[www.linux4sam.org/bin/view/Linux4SAM/GettingStartedc954.html]
[www.linux4sam.org/bin/view/Linux4SAM/GettingStarteda064.html]
[www.linux4sam.org/bin/view/Linux4SAM/WebFaqa064.html]
[www.linux4sam.org/bin/view/Linux4SAM/GettingStarteda0ab.html]
[www.linux4sam.org/bin/view/Linux4SAM/indexa064.html]
[www.linux4sam.org/bin/view/Linux4SAM/indexd147.html]
[www.linux4sam.org/bin/view/Linux4SAM/GettingStartedd147.html]
[www.linux4sam.org/bin/view/Linux4SAM/WebFaqd147.html]
[www.linux4sam.org/bin/view/Linux4SAM/GettingStarted1d35.html]
[www.linux4sam.org/bin/view/Linux4SAM/index1124.html]
[www.linux4sam.org/bin/view/Linux4SAM/GettingStarted1124.html]
[www.linux4sam.org/bin/view/Linux4SAM/WebFaq1124.html]
[www.linux4sam.org/bin/view/Linux4SAM/GettingStarted8588.html]
[www.linux4sam.org/bin/view/Linux4SAM/indexe374.html]
[www.linux4sam.org/bin/view/Linux4SAM/GettingStartede374.html]
[www.linux4sam.org/bin/view/Linux4SAM/WebFaqe374.html]
[www.linux4sam.org/bin/view/Linux4SAM/GettingStarteda40f.html]
[www.linux4sam.org/bin/view/Linux4SAM/index0000.html]
[www.linux4sam.org/bin/view/Linux4SAM/GettingStarted0000.html]
[www.linux4sam.org/bin/view/Linux4SAM/WebFaq0000.html]
[www.linux4sam.org/bin/view/Linux4SAM/index2432.html]
[www.linux4sam.org/bin/view/Linux4SAM/GettingStarted9e62.html]
[www.linux4sam.org/bin/view/Linux4SAM/GettingStarted2432.html]
[www.linux4sam.org/bin/view/Linux4SAM/WebFaq2432.html]
[www.linux4sam.org/bin/view/Linux4SAM/GettingStarted33bc.html]
[www.linux4sam.org/bin/view/Linux4SAM/GettingStarteda5ed.html]
[www.linux4sam.org/bin/view/Linux4SAM/GettingStarted695e.html]
[www.linux4sam.org/bin/view/Linux4SAM/GettingStarted880f.html]
[www.linux4sam.org/bin/view/Linux4SAM/GettingStarted8c49.html]
[www.linux4sam.org/bin/view/Linux4SAM/GettingStartedadc0.html]
[www.linux4sam.org/bin/view/Linux4SAM/GettingStarteda261.html]
[www.linux4sam.org/bin/view/Linux4SAM/GettingStarted3fe3.html]
[www.linux4sam.org/bin/view/Linux4SAM/AT91Bootstrap33a1.html]
[www.linux4sam.org/bin/view/Linux4SAM/AT91Bootstrape1ce.html]
[www.linux4sam.org/bin/view/Linux4SAM/AT91Bootstrap44bd.html]
[www.linux4sam.org/bin/view/Linux4SAM/AT91Bootstrap18e3.html]
[www.linux4sam.org/bin/view/Linux4SAM/AT91Bootstrap76e2.html]
[www.linux4sam.org/bin/view/Linux4SAM/AT91Bootstrap0921.html]
[www.linux4sam.org/bin/view/Linux4SAM/AT91Bootstrapb21c.html]
[www.linux4sam.org/bin/view/Linux4SAM/AT91Bootstrap24ab.html]
[www.linux4sam.org/bin/view/Linux4SAM/AT91Bootstrapd1c3.html]
[www.linux4sam.org/bin/view/Linux4SAM/AT91Bootstrapcdb1.html]
[www.linux4sam.org/bin/view/Linux4SAM/AT91Bootstrape84d.html]
[www.linux4sam.org/bin/view/Linux4SAM/AT91Bootstrap1cf4.html]
[www.linux4sam.org/bin/view/Linux4SAM/AT91Bootstrapbf07.html]
[www.linux4sam.org/bin/view/Linux4SAM/AT91Bootstrap7034.html]
[www.linux4sam.org/bin/view/Linux4SAM/AT91Bootstrap02cd.html]
[www.linux4sam.org/bin/view/Linux4SAM/AT91Bootstrapcc4a.html]
[www.linux4sam.org/bin/view/Linux4SAM/AT91Bootstrapc02a.html]
[www.linux4sam.org/bin/view/Linux4SAM/AT91Bootstrap101b.html]
[www.linux4sam.org/bin/view/Linux4SAM/AT91Bootstrapda64.html]
[www.linux4sam.org/bin/view/Linux4SAM/AT91Bootstrap0539.html]
[www.linux4sam.org/bin/view/Linux4SAM/AT91Bootstrap3fe3.html]
[www.linux4sam.org/bin/view/Linux4SAM/AT91Bootstrapf3f9.html]
[www.linux4sam.org/pub/Linux4SAM/GettingStarted_xplained/sama5d3_xplained_ftdi.png]
[www.linux4sam.org/pub/Linux4SAM/GettingStarted_a5d4_xplained/sama5d4_xplained_edbg_win.png]
[www.linux4sam.org/pub/Linux4SAM/GettingStarted_a5d3x/devman_AT91_USB_SAMBA-CDC.png]
[www.linux4sam.org/pub/Linux4SAM/GettingStarted_a5d4_xplained/sama5d4_xplained_boot_log.png]
[www.linux4sam.org/bin/view/Linux4SAM/GettingStarted_a5d4_xplainedaabf.html]
[www.linux4sam.org/bin/view/Linux4SAM/GettingStarted_a5d4_xplainedad61.html]
[www.linux4sam.org/bin/view/Linux4SAM/GettingStarted_a5d4_xplained306b.html]
[www.linux4sam.org/bin/view/Linux4SAM/GettingStarted_a5d4_xplainede4a1.html]
[www.linux4sam.org/bin/view/Linux4SAM/GettingStarted_a5d4_xplainede152.html]
[www.linux4sam.org/bin/view/Linux4SAM/GettingStarted_a5d4_xplainedb628.html]
[www.linux4sam.org/bin/view/Linux4SAM/GettingStarted_a5d4_xplained6808.html]
[www.linux4sam.org/bin/view/Linux4SAM/GettingStarted_a5d4_xplained.html]
[www.linux4sam.org/bin/view/Linux4SAM/GettingStarted_a5d4_xplained3fe3.html]
[www.linux4sam.org/pub/Linux4SAM/GettingStarted_a5d3x/devman_jlink_CDC_UART.png]
[www.linux4sam.org/pub/Linux4SAM/GettingStarted_a5d4ek/commandline_screen1.png]
[www.linux4sam.org/pub/Linux4SAM/GettingStarted_a5d4ek/qt5demo_scr1.png]
[www.linux4sam.org/pub/Linux4SAM/GettingStarted_a5d4ek/qt5demo_scr2.png]
[www.linux4sam.org/bin/view/Linux4SAM/GettingStarted_a5d4ekaabf.html]
[www.linux4sam.org/bin/view/Linux4SAM/GettingStarted_a5d4ekad61.html]
[www.linux4sam.org/bin/view/Linux4SAM/GettingStarted_a5d4ek306b.html]
[www.linux4sam.org/bin/view/Linux4SAM/GettingStarted_a5d4eke4a1.html]
[www.linux4sam.org/bin/view/Linux4SAM/GettingStarted_a5d4eke152.html]
